Archive member included because of file (symbol)

c:/devkitPro/libogc/lib/cube\libmad.a(mp3player.o)
                              template.o (MP3Player_IsPlaying)
c:/devkitPro/libogc/lib/cube\libmad.a(frame.o)
                              c:/devkitPro/libogc/lib/cube\libmad.a(mp3player.o) (mad_frame_init)
c:/devkitPro/libogc/lib/cube\libmad.a(layer12.o)
                              c:/devkitPro/libogc/lib/cube\libmad.a(frame.o) (mad_layer_II)
c:/devkitPro/libogc/lib/cube\libmad.a(layer3.o)
                              c:/devkitPro/libogc/lib/cube\libmad.a(frame.o) (mad_layer_III)
c:/devkitPro/libogc/lib/cube\libmad.a(stream.o)
                              c:/devkitPro/libogc/lib/cube\libmad.a(frame.o) (mad_stream_sync)
c:/devkitPro/libogc/lib/cube\libmad.a(synth.o)
                              c:/devkitPro/libogc/lib/cube\libmad.a(mp3player.o) (mad_synth_init)
c:/devkitPro/libogc/lib/cube\libmad.a(timer.o)
                              c:/devkitPro/libogc/lib/cube\libmad.a(mp3player.o) (mad_timer_add)
c:/devkitPro/libogc/lib/cube\libmad.a(bit.o)
                              c:/devkitPro/libogc/lib/cube\libmad.a(frame.o) (mad_bit_init)
c:/devkitPro/libogc/lib/cube\libmad.a(huffman.o)
                              c:/devkitPro/libogc/lib/cube\libmad.a(layer3.o) (mad_huff_quad_table)
c:/devkitpro/devkitppc/bin/../lib/gcc/powerpc-gekko/4.2.3/../../../../powerpc-gekko/lib\libm.a(lib_a-s_sin.o)
                              c:/devkitPro/libogc/lib/cube\libmad.a(mp3player.o) (sin)
c:/devkitpro/devkitppc/bin/../lib/gcc/powerpc-gekko/4.2.3/../../../../powerpc-gekko/lib\libm.a(lib_a-s_sine.o)
                              c:/devkitpro/devkitppc/bin/../lib/gcc/powerpc-gekko/4.2.3/../../../../powerpc-gekko/lib\libm.a(lib_a-s_sin.o) (sine)
c:/devkitpro/devkitppc/bin/../lib/gcc/powerpc-gekko/4.2.3/../../../../powerpc-gekko/lib\libm.a(lib_a-s_fabs.o)
                              c:/devkitpro/devkitppc/bin/../lib/gcc/powerpc-gekko/4.2.3/../../../../powerpc-gekko/lib\libm.a(lib_a-s_sine.o) (fabs)
c:/devkitpro/devkitppc/bin/../lib/gcc/powerpc-gekko/4.2.3/../../../../powerpc-gekko/lib\libm.a(lib_a-s_mathcnst.o)
                              c:/devkitpro/devkitppc/bin/../lib/gcc/powerpc-gekko/4.2.3/../../../../powerpc-gekko/lib\libm.a(lib_a-s_sine.o) (z_rooteps)
c:/devkitpro/devkitppc/bin/../lib/gcc/powerpc-gekko/4.2.3/../../../../powerpc-gekko/lib\libm.a(lib_a-s_numtest.o)
                              c:/devkitpro/devkitppc/bin/../lib/gcc/powerpc-gekko/4.2.3/../../../../powerpc-gekko/lib\libm.a(lib_a-s_sine.o) (numtest)
c:/devkitPro/libogc/lib/cube\libogc.a(console.o)
                              template.o (CON_Init)
c:/devkitPro/libogc/lib/cube\libogc.a(lwp.o)
                              c:/devkitPro/libogc/lib/cube\libmad.a(mp3player.o) (LWP_ThreadSignal)
c:/devkitPro/libogc/lib/cube\libogc.a(lwp_objmgr.o)
                              c:/devkitPro/libogc/lib/cube\libogc.a(lwp.o) (__lwp_objmgr_getnoprotection)
c:/devkitPro/libogc/lib/cube\libogc.a(lwp_heap.o)
                              c:/devkitPro/libogc/lib/cube\libogc.a(lwp_objmgr.o) (__lwp_heap_free)
c:/devkitPro/libogc/lib/cube\libogc.a(sys_state.o)
                              c:/devkitPro/libogc/lib/cube\libogc.a(lwp_heap.o) (_sys_state_curr)
c:/devkitPro/libogc/lib/cube\libogc.a(video.o)
                              c:/devkitPro/libogc/lib/cube\libogc.a(console.o) (VIDEO_GetCurrentFramebuffer)
c:/devkitPro/libogc/lib/cube\libogc.a(pad.o)
                              freetype.o (PAD_ButtonsDown)
c:/devkitPro/libogc/lib/cube\libogc.a(cache_asm.o)
                              c:/devkitPro/libogc/lib/cube\libmad.a(mp3player.o) (DCFlushRange)
c:/devkitPro/libogc/lib/cube\libogc.a(system.o)
                              c:/devkitPro/libogc/lib/cube\libogc.a(video.o) (__SYS_LockSram)
c:/devkitPro/libogc/lib/cube\libogc.a(system_asm.o)
                              c:/devkitPro/libogc/lib/cube\libogc.a(system.o) (__realmode)
c:/devkitPro/libogc/lib/cube\libogc.a(cond.o)
                              c:/devkitPro/libogc/lib/cube\libogc.a(system.o) (__lwp_cond_init)
c:/devkitPro/libogc/lib/cube\libogc.a(audio.o)
                              c:/devkitPro/libogc/lib/cube\libmad.a(mp3player.o) (AUDIO_RegisterDMACallback)
c:/devkitPro/libogc/lib/cube\libogc.a(decrementer.o)
                              c:/devkitPro/libogc/lib/cube\libogc.a(system.o) (__decrementer_init)
c:/devkitPro/libogc/lib/cube\libogc.a(message.o)
                              c:/devkitPro/libogc/lib/cube\libogc.a(system.o) (__lwp_mqbox_init)
c:/devkitPro/libogc/lib/cube\libogc.a(card.o)
                              template.o (CARD_Unmount)
c:/devkitPro/libogc/lib/cube\libogc.a(dsp.o)
                              c:/devkitPro/libogc/lib/cube\libogc.a(card.o) (DSP_CheckMailTo)
c:/devkitPro/libogc/lib/cube\libogc.a(si.o)
                              c:/devkitPro/libogc/lib/cube\libogc.a(pad.o) (SI_Busy)
[...]
Memory Configuration

Name             Origin             Length             Attributes
*default*        0x00000000         0xffffffff

Linker script and memory map

                0x80003000                . = 0x80003000

.header         0x80003000       0xe4
                0x80003000                file_start = .
                0x80003000        0x4 LONG 0x100 text_file_start
                0x80003004        0x4 LONG 0x0
                0x80003008        0x4 LONG 0x0
                0x8000300c        0x4 LONG 0x0
                0x80003010        0x4 LONG 0x0
                0x80003014        0x4 LONG 0x0
                0x80003018        0x4 LONG 0x0
                0x8000301c        0x4 LONG 0x874a0 data_file_start
                0x80003020        0x4 LONG 0x0
                0x80003024        0x4 LONG 0x0
                0x80003028        0x4 LONG 0x0
                0x8000302c        0x4 LONG 0x0
                0x80003030        0x4 LONG 0x0
                0x80003034        0x4 LONG 0x0
                0x80003038        0x4 LONG 0x0
                0x8000303c        0x4 LONG 0x0
                0x80003040        0x4 LONG 0x0
                0x80003044        0x4 LONG 0x0
                0x80003048        0x4 LONG 0x80003100 text_mem_start
                0x8000304c        0x4 LONG 0x0
                0x80003050        0x4 LONG 0x0
                0x80003054        0x4 LONG 0x0
                0x80003058        0x4 LONG 0x0
                0x8000305c        0x4 LONG 0x0
                0x80003060        0x4 LONG 0x0
                0x80003064        0x4 LONG 0x8008a4a0 data_mem_start
                0x80003068        0x4 LONG 0x0
                0x8000306c        0x4 LONG 0x0
                0x80003070        0x4 LONG 0x0
                0x80003074        0x4 LONG 0x0
                0x80003078        0x4 LONG 0x0
                0x8000307c        0x4 LONG 0x0
                0x80003080        0x4 LONG 0x0
                0x80003084        0x4 LONG 0x0
                0x80003088        0x4 LONG 0x0
                0x8000308c        0x4 LONG 0x0
                0x80003090        0x4 LONG 0x873a0 text_mem_size
                0x80003094        0x4 LONG 0x0
                0x80003098        0x4 LONG 0x0
                0x8000309c        0x4 LONG 0x0
                0x800030a0        0x4 LONG 0x0
                0x800030a4        0x4 LONG 0x0
                0x800030a8        0x4 LONG 0x0
                0x800030ac        0x4 LONG 0x399280 data_mem_size
                0x800030b0        0x4 LONG 0x0
                0x800030b4        0x4 LONG 0x0
                0x800030b8        0x4 LONG 0x0
                0x800030bc        0x4 LONG 0x0
                0x800030c0        0x4 LONG 0x0
                0x800030c4        0x4 LONG 0x0
                0x800030c8        0x4 LONG 0x0
                0x800030cc        0x4 LONG 0x0
                0x800030d0        0x4 LONG 0x0
                0x800030d4        0x4 LONG 0x0
                0x800030d8        0x4 LONG 0x80423720 bss_mem_start
                0x800030dc        0x4 LONG 0x2bf00 bss_mem_size
                0x800030e0        0x4 LONG 0x80003100 ABSOLUTE (_start)
                0x80003100                . = (file_start + 0x100)
                0x80003100                text_mem_start = .

.init           0x80003100      0x208
 *crt0.o(*.init)
 .init          0x80003100      0x1e4 c:/devkitPro/libogc/lib/cube\libogc.a(ogc_crt0.o)
                0x8000329c                _memset
                0x80003100                _start
                0x800032cc                video_line
 *(.init)
 .init          0x800032e4        0xc c:/devkitpro/devkitppc/bin/../lib/gcc/powerpc-gekko/4.2.3/ecrti.o
                0x800032e4                __init
 .init          0x800032f0        0x4 c:/devkitpro/devkitppc/bin/../lib/gcc/powerpc-gekko/4.2.3/crtbegin.o
 .init          0x800032f4        0x4 c:/devkitpro/devkitppc/bin/../lib/gcc/powerpc-gekko/4.2.3/crtend.o
 .init          0x800032f8       0x10 c:/devkitpro/devkitppc/bin/../lib/gcc/powerpc-gekko/4.2.3/ecrtn.o

.plt
 *(.plt)

.interp
 *(.interp)

.hash
 *(.hash)

.dynsym
 *(.dynsym)

.dynstr
 *(.dynstr)

.gnu.version
 *(.gnu.version)

.gnu.version_d
 *(.gnu.version_d)

.gnu.version_r
 *(.gnu.version_r)

.rel.init
 *(.rel.init)

.rela.init      0x80003308        0x0
 *(.rela.init)
 .rela.init     0x00000000        0x0 c:/devkitpro/devkitppc/bin/../lib/gcc/powerpc-gekko/4.2.3/crtbegin.o

.rel.text
 *(.rel.text .rel.text.* .rel.gnu.linkonce.t.*)

.rela.text      0x80003308        0x0
 *(.rela.text .rela.text.* .rela.gnu.linkonce.t.*)
 .rela.text     0x00000000        0x0 c:/devkitpro/devkitppc/bin/../lib/gcc/powerpc-gekko/4.2.3/crtbegin.o
 .rela.text.DrawLineFast
                0x00000000        0x0 c:/devkitpro/devkitppc/bin/../lib/gcc/powerpc-gekko/4.2.3/crtbegin.o
 .rela.text.ShowScreen
                0x00000000        0x0 c:/devkitpro/devkitppc/bin/../lib/gcc/powerpc-gekko/4.2.3/crtbegin.o
 .rela.text.ClearScreen
                0x00000000        0x0 c:/devkitpro/devkitppc/bin/../lib/gcc/powerpc-gekko/4.2.3/crtbegin.o
 .rela.text.DrawText
                0x00000000        0x0 c:/devkitpro/devkitppc/bin/../lib/gcc/powerpc-gekko/4.2.3/crtbegin.o
 .rela.text.WaitPrompt
                0x00000000        0x0 c:/devkitpro/devkitppc/bin/../lib/gcc/powerpc-gekko/4.2.3/crtbegin.o
 .rela.text.SelectMode
                0x00000000        0x0 c:/devkitpro/devkitppc/bin/../lib/gcc/powerpc-gekko/4.2.3/crtbegin.o
 .rela.text.ShowAction
                0x00000000        0x0 c:/devkitpro/devkitppc/bin/../lib/gcc/powerpc-gekko/4.2.3/crtbegin.o
 .rela.text.setfontsize
                0x00000000        0x0 c:/devkitpro/devkitppc/bin/../lib/gcc/powerpc-gekko/4.2.3/crtbegin.o
 .rela.text.ShowSelector
                0x00000000        0x0 c:/devkitpro/devkitppc/bin/../lib/gcc/powerpc-gekko/4.2.3/crtbegin.o
 .rela.text.FT_Init
                0x00000000        0x0 c:/devkitpro/devkitppc/bin/../lib/gcc/powerpc-gekko/4.2.3/crtbegin.o
 .rela.text.readpad
                0x00000000        0x0 c:/devkitpro/devkitppc/bin/../lib/gcc/powerpc-gekko/4.2.3/crtbegin.o
 .rela.text.main
                0x00000000        0x0 c:/devkitpro/devkitppc/bin/../lib/gcc/powerpc-gekko/4.2.3/crtbegin.o
 .rela.text.MP3Player_PlayBuffer
                0x00000000        0x0 c:/devkitpro/devkitppc/bin/../lib/gcc/powerpc-gekko/4.2.3/crtbegin.o
 .rela.text.mad_layer_III
                0x00000000        0x0 c:/devkitpro/devkitppc/bin/../lib/gcc/powerpc-gekko/4.2.3/crtbegin.o
 .rela.text.__console_init_ex
                0x00000000        0x0 c:/devkitpro/devkitppc/bin/../lib/gcc/powerpc-gekko/4.2.3/crtbegin.o
 .rela.text.__console_init
                0x00000000        0x0 c:/devkitpro/devkitppc/bin/../lib/gcc/powerpc-gekko/4.2.3/crtbegin.o
 .rela.text.__lwp_thread_context
                0x00000000        0x0 c:/devkitpro/devkitppc/bin/../lib/gcc/powerpc-gekko/4.2.3/crtbegin.o
 .rela.text.__lwp_thread_exists
                0x00000000        0x0 c:/devkitpro/devkitppc/bin/../lib/gcc/powerpc-gekko/4.2.3/crtbegin.o
 .rela.text.__lwp_thread_isalive
                0x00000000        0x0 c:/devkitpro/devkitppc/bin/../lib/gcc/powerpc-gekko/4.2.3/crtbegin.o
 .rela.text.__lwp_sysinit
                0x00000000        0x0 c:/devkitpro/devkitppc/bin/../lib/gcc/powerpc-gekko/4.2.3/crtbegin.o
 .rela.text.LWP_ThreadSignal
                0x00000000        0x0 c:/devkitpro/devkitppc/bin/../lib/gcc/powerpc-gekko/4.2.3/crtbegin.o
 .rela.text.LWP_ThreadBroadcast
                0x00000000        0x0 c:/devkitpro/devkitppc/bin/../lib/gcc/powerpc-gekko/4.2.3/crtbegin.o
 .rela.text.LWP_ThreadSleep
                0x00000000        0x0 c:/devkitpro/devkitppc/bin/../lib/gcc/powerpc-gekko/4.2.3/crtbegin.o
 .rela.text.LWP_CloseQueue
                0x00000000        0x0 c:/devkitpro/devkitppc/bin/../lib/gcc/powerpc-gekko/4.2.3/crtbegin.o
 .rela.text.LWP_InitQueue
                0x00000000        0x0 c:/devkitpro/devkitppc/bin/../lib/gcc/powerpc-gekko/4.2.3/crtbegin.o
 .rela.text.LWP_JoinThread
                0x00000000        0x0 c:/devkitpro/devkitppc/bin/../lib/gcc/powerpc-gekko/4.2.3/crtbegin.o
 .rela.text.LWP_ThreadIsSuspended
                0x00000000        0x0 c:/devkitpro/devkitppc/bin/../lib/gcc/powerpc-gekko/4.2.3/crtbegin.o
 .rela.text.LWP_SetThreadPriority
                0x00000000        0x0 c:/devkitpro/devkitppc/bin/../lib/gcc/powerpc-gekko/4.2.3/crtbegin.o
 .rela.text.LWP_ResumeThread
                0x00000000        0x0 c:/devkitpro/devkitppc/bin/../lib/gcc/powerpc-gekko/4.2.3/crtbegin.o
 .rela.text.LWP_SuspendThread
                0x00000000        0x0 c:/devkitpro/devkitppc/bin/../lib/gcc/powerpc-gekko/4.2.3/crtbegin.o
 .rela.text.LWP_CreateThread
                0x00000000        0x0 c:/devkitpro/devkitppc/bin/../lib/gcc/powerpc-gekko/4.2.3/crtbegin.o
 .rela.text.__lwp_objmgr_initinfo
                0x00000000        0x0 c:/devkitpro/devkitppc/bin/../lib/gcc/powerpc-gekko/4.2.3/crtbegin.o
 .rela.text.__sram_sync
                0x00000000        0x0 c:/devkitpro/devkitppc/bin/../lib/gcc/powerpc-gekko/4.2.3/crtbegin.o
 .rela.text.__locksram
                0x00000000        0x0 c:/devkitpro/devkitppc/bin/../lib/gcc/powerpc-gekko/4.2.3/crtbegin.o
 .rela.text.__sys_alarmhandler
                0x00000000        0x0 c:/devkitpro/devkitppc/bin/../lib/gcc/powerpc-gekko/4.2.3/crtbegin.o
 .rela.text.__sram_init
                0x00000000        0x0 c:/devkitpro/devkitppc/bin/../lib/gcc/powerpc-gekko/4.2.3/crtbegin.o
 .rela.text.SYS_Init
                0x00000000        0x0 c:/devkitpro/devkitppc/bin/../lib/gcc/powerpc-gekko/4.2.3/crtbegin.o
 .rela.text.__unlocksram
                0x00000000        0x0 c:/devkitpro/devkitppc/bin/../lib/gcc/powerpc-gekko/4.2.3/crtbegin.o
 .rela.text.__sram_writecallback
                0x00000000        0x0 c:/devkitpro/devkitppc/bin/../lib/gcc/powerpc-gekko/4.2.3/crtbegin.o
 .rela.text.SYS_CancelAlarm
                0x00000000        0x0 c:/devkitpro/devkitppc/bin/../lib/gcc/powerpc-gekko/4.2.3/crtbegin.o
 .rela.text.SYS_RemoveAlarm
                0x00000000        0x0 c:/devkitpro/devkitppc/bin/../lib/gcc/powerpc-gekko/4.2.3/crtbegin.o
 .rela.text.SYS_SetPeriodicAlarm
                0x00000000        0x0 c:/devkitpro/devkitppc/bin/../lib/gcc/powerpc-gekko/4.2.3/crtbegin.o
 .rela.text.SYS_SetAlarm
                0x00000000        0x0 c:/devkitpro/devkitppc/bin/../lib/gcc/powerpc-gekko/4.2.3/crtbegin.o
 .rela.text.__lwp_cond_init
                0x00000000        0x0 c:/devkitpro/devkitppc/bin/../lib/gcc/powerpc-gekko/4.2.3/crtbegin.o
 .rela.text.LWP_CondDestroy
                0x00000000        0x0 c:/devkitpro/devkitppc/bin/../lib/gcc/powerpc-gekko/4.2.3/crtbegin.o
 .rela.text.LWP_CondInit
                0x00000000        0x0 c:/devkitpro/devkitppc/bin/../lib/gcc/powerpc-gekko/4.2.3/crtbegin.o
 .rela.text.__lwp_cond_signalsupp
                0x00000000        0x0 c:/devkitpro/devkitppc/bin/../lib/gcc/powerpc-gekko/4.2.3/crtbegin.o
 .rela.text.__lwp_cond_waitsupp
                0x00000000        0x0 c:/devkitpro/devkitppc/bin/../lib/gcc/powerpc-gekko/4.2.3/crtbegin.o
 .rela.text.c_decrementer_handler
                0x00000000        0x0 c:/devkitpro/devkitppc/bin/../lib/gcc/powerpc-gekko/4.2.3/crtbegin.o
 .rela.text.__lwp_mqbox_init
                0x00000000        0x0 c:/devkitpro/devkitppc/bin/../lib/gcc/powerpc-gekko/4.2.3/crtbegin.o
 .rela.text.MQ_Close
                0x00000000        0x0 c:/devkitpro/devkitppc/bin/../lib/gcc/powerpc-gekko/4.2.3/crtbegin.o
 .rela.text.MQ_Init
                0x00000000        0x0 c:/devkitpro/devkitppc/bin/../lib/gcc/powerpc-gekko/4.2.3/crtbegin.o
 .rela.text.MQ_Jam
                0x00000000        0x0 c:/devkitpro/devkitppc/bin/../lib/gcc/powerpc-gekko/4.2.3/crtbegin.o
 .rela.text.MQ_Receive
                0x00000000        0x0 c:/devkitpro/devkitppc/bin/../lib/gcc/powerpc-gekko/4.2.3/crtbegin.o
 .rela.text.MQ_Send
                0x00000000        0x0 c:/devkitpro/devkitppc/bin/../lib/gcc/powerpc-gekko/4.2.3/crtbegin.o
 .rela.text.nanosleep
                0x00000000        0x0 c:/devkitpro/devkitppc/bin/../lib/gcc/powerpc-gekko/4.2.3/crtbegin.o
 .rela.text.__libc_init
                0x00000000        0x0 c:/devkitpro/devkitppc/bin/../lib/gcc/powerpc-gekko/4.2.3/crtbegin.o
 .rela.text.__libc_wrapup
                0x00000000        0x0 c:/devkitpro/devkitppc/bin/../lib/gcc/powerpc-gekko/4.2.3/crtbegin.o
 .rela.text.__libc_delete_hook
                0x00000000        0x0 c:/devkitpro/devkitppc/bin/../lib/gcc/powerpc-gekko/4.2.3/crtbegin.o
 .rela.text.__CheckARGV
                0x00000000        0x0 c:/devkitpro/devkitppc/bin/../lib/gcc/powerpc-gekko/4.2.3/crtbegin.o
 .rela.text.__lwp_priority_init
                0x00000000        0x0 c:/devkitpro/devkitppc/bin/../lib/gcc/powerpc-gekko/4.2.3/crtbegin.o
 .rela.text.__lwp_threadqueue_extractpriority
                0x00000000        0x0 c:/devkitpro/devkitppc/bin/../lib/gcc/powerpc-gekko/4.2.3/crtbegin.o
 .rela.text.__lwp_threadqueue_extractfifo
                0x00000000        0x0 c:/devkitpro/devkitppc/bin/../lib/gcc/powerpc-gekko/4.2.3/crtbegin.o
 .rela.text.__lwp_threadqueue_dequeuepriority
                0x00000000        0x0 c:/devkitpro/devkitppc/bin/../lib/gcc/powerpc-gekko/4.2.3/crtbegin.o
 .rela.text.__lwp_threadqueue_enqueuepriority
                0x00000000        0x0 c:/devkitpro/devkitppc/bin/../lib/gcc/powerpc-gekko/4.2.3/crtbegin.o
 .rela.text.__lwp_threadqueue_dequeuefifo
                0x00000000        0x0 c:/devkitpro/devkitppc/bin/../lib/gcc/powerpc-gekko/4.2.3/crtbegin.o
 .rela.text.__lwp_threadqueue_enqueuefifo
                0x00000000        0x0 c:/devkitpro/devkitppc/bin/../lib/gcc/powerpc-gekko/4.2.3/crtbegin.o
 .rela.text.__lwp_threadqueue_enqueue
                0x00000000        0x0 c:/devkitpro/devkitppc/bin/../lib/gcc/powerpc-gekko/4.2.3/crtbegin.o
 .rela.text.__lwp_rotate_readyqueue
                0x00000000        0x0 c:/devkitpro/devkitppc/bin/../lib/gcc/powerpc-gekko/4.2.3/crtbegin.o
 .rela.text.__lwp_thread_setstate
                0x00000000        0x0 c:/devkitpro/devkitppc/bin/../lib/gcc/powerpc-gekko/4.2.3/crtbegin.o
 .rela.text.__lwp_thread_setpriority
                0x00000000        0x0 c:/devkitpro/devkitppc/bin/../lib/gcc/powerpc-gekko/4.2.3/crtbegin.o
 .rela.text.__lwp_thread_ready
                0x00000000        0x0 c:/devkitpro/devkitppc/bin/../lib/gcc/powerpc-gekko/4.2.3/crtbegin.o
 .rela.text.__lwp_thread_close
                0x00000000        0x0 c:/devkitpro/devkitppc/bin/../lib/gcc/powerpc-gekko/4.2.3/crtbegin.o
 .rela.text.__lwp_thread_stopmultitasking
                0x00000000        0x0 c:/devkitpro/devkitppc/bin/../lib/gcc/powerpc-gekko/4.2.3/crtbegin.o
 .rela.text.__lwp_thread_startmultitasking
                0x00000000        0x0 c:/devkitpro/devkitppc/bin/../lib/gcc/powerpc-gekko/4.2.3/crtbegin.o
 .rela.text.__lwp_thread_closeall
                0x00000000        0x0 c:/devkitpro/devkitppc/bin/../lib/gcc/powerpc-gekko/4.2.3/crtbegin.o
 .rela.text.__lwp_thread_changepriority
                0x00000000        0x0 c:/devkitpro/devkitppc/bin/../lib/gcc/powerpc-gekko/4.2.3/crtbegin.o
 .rela.text.__lwp_thread_coreinit
                0x00000000        0x0 c:/devkitpro/devkitppc/bin/../lib/gcc/powerpc-gekko/4.2.3/crtbegin.o
 .rela.text.__lwp_thread_suspend
                0x00000000        0x0 c:/devkitpro/devkitppc/bin/../lib/gcc/powerpc-gekko/4.2.3/crtbegin.o
 .rela.text.__lwpmq_close
                0x00000000        0x0 c:/devkitpro/devkitppc/bin/../lib/gcc/powerpc-gekko/4.2.3/crtbegin.o
 .rela.text.__lwpmq_initialize
                0x00000000        0x0 c:/devkitpro/devkitppc/bin/../lib/gcc/powerpc-gekko/4.2.3/crtbegin.o
 .rela.text.__lwp_stack_free
                0x00000000        0x0 c:/devkitpro/devkitppc/bin/../lib/gcc/powerpc-gekko/4.2.3/crtbegin.o
 .rela.text.__lwp_stack_allocate
                0x00000000        0x0 c:/devkitpro/devkitppc/bin/../lib/gcc/powerpc-gekko/4.2.3/crtbegin.o
 .rela.text.__lwp_watchdog_init
                0x00000000        0x0 c:/devkitpro/devkitppc/bin/../lib/gcc/powerpc-gekko/4.2.3/crtbegin.o
 .rela.text.__lwp_wd_tickle
                0x00000000        0x0 c:/devkitpro/devkitppc/bin/../lib/gcc/powerpc-gekko/4.2.3/crtbegin.o
 .rela.text.__lwp_wkspace_init
                0x00000000        0x0 c:/devkitpro/devkitppc/bin/../lib/gcc/powerpc-gekko/4.2.3/crtbegin.o
 .rela.text.__lwp_wkspace_heapused
                0x00000000        0x0 c:/devkitpro/devkitppc/bin/../lib/gcc/powerpc-gekko/4.2.3/crtbegin.o
 .rela.text.__lwp_wkspace_heapfree
                0x00000000        0x0 c:/devkitpro/devkitppc/bin/../lib/gcc/powerpc-gekko/4.2.3/crtbegin.o
 .rela.text.__exception_sethandler
                0x00000000        0x0 c:/devkitpro/devkitppc/bin/../lib/gcc/powerpc-gekko/4.2.3/crtbegin.o
 .rela.text.__exception_init
                0x00000000        0x0 c:/devkitpro/devkitppc/bin/../lib/gcc/powerpc-gekko/4.2.3/crtbegin.o
 .rela.text.__systemcall_init
                0x00000000        0x0 c:/devkitpro/devkitppc/bin/../lib/gcc/powerpc-gekko/4.2.3/crtbegin.o
 .rela.text.__irq_init
                0x00000000        0x0 c:/devkitpro/devkitppc/bin/../lib/gcc/powerpc-gekko/4.2.3/crtbegin.o
 .rela.text.__lwp_sema_init
                0x00000000        0x0 c:/devkitpro/devkitppc/bin/../lib/gcc/powerpc-gekko/4.2.3/crtbegin.o
 .rela.text.LWP_SemInit
                0x00000000        0x0 c:/devkitpro/devkitppc/bin/../lib/gcc/powerpc-gekko/4.2.3/crtbegin.o
 .rela.text.LWP_SemDestroy
                0x00000000        0x0 c:/devkitpro/devkitppc/bin/../lib/gcc/powerpc-gekko/4.2.3/crtbegin.o
 .rela.text.LWP_SemPost
                0x00000000        0x0 c:/devkitpro/devkitppc/bin/../lib/gcc/powerpc-gekko/4.2.3/crtbegin.o
 .rela.text.LWP_SemWait
                0x00000000        0x0 c:/devkitpro/devkitppc/bin/../lib/gcc/powerpc-gekko/4.2.3/crtbegin.o
 .rela.text.__lwp_mutex_init
                0x00000000        0x0 c:/devkitpro/devkitppc/bin/../lib/gcc/powerpc-gekko/4.2.3/crtbegin.o
 .rela.text.LWP_MutexDestroy
                0x00000000        0x0 c:/devkitpro/devkitppc/bin/../lib/gcc/powerpc-gekko/4.2.3/crtbegin.o
 .rela.text.LWP_MutexUnlock
                0x00000000        0x0 c:/devkitpro/devkitppc/bin/../lib/gcc/powerpc-gekko/4.2.3/crtbegin.o
 .rela.text.__lwp_mutex_locksupp
                0x00000000        0x0 c:/devkitpro/devkitppc/bin/../lib/gcc/powerpc-gekko/4.2.3/crtbegin.o
 .rela.text.LWP_MutexInit
                0x00000000        0x0 c:/devkitpro/devkitppc/bin/../lib/gcc/powerpc-gekko/4.2.3/crtbegin.o
 .rela.text.kprintf
                0x00000000        0x0 c:/devkitpro/devkitppc/bin/../lib/gcc/powerpc-gekko/4.2.3/crtbegin.o

.rel.fini
 *(.rel.fini)

.rela.fini
 *(.rela.fini)

.rel.rodata
 *(.rel.rodata .rel.rodata.* .rel.gnu.linkonce.r.*)

.rela.rodata    0x80003308        0x0
 *(.rela.rodata .rela.rodata.* .rela.gnu.linkonce.r.*)
 .rela.rodata.cst4
                0x00000000        0x0 c:/devkitpro/devkitppc/bin/../lib/gcc/powerpc-gekko/4.2.3/crtbegin.o
 .rela.rodata.decoder_table
                0x00000000        0x0 c:/devkitpro/devkitppc/bin/../lib/gcc/powerpc-gekko/4.2.3/crtbegin.o
 .rela.rodata   0x00000000        0x0 c:/devkitpro/devkitppc/bin/../lib/gcc/powerpc-gekko/4.2.3/crtbegin.o

.rel.data
 *(.rel.data .rel.data.* .rel.gnu.linkonce.d.*)

.rela.data
 *(.rela.data .rela.data.* .rela.gnu.linkonce.d.*)

.rel.tdata
 *(.rel.tdata .rel.tdata.* .rel.gnu.linkonce.td.*)

.rela.tdata
 *(.rela.tdata .rela.tdata.* .rela.gnu.linkonce.td.*)

.rel.tbss
 *(.rel.tbss .rel.tbss.* .rel.gnu.linkonce.tb.*)

.rela.tbss
 *(.rela.tbss .rela.tbss.* .rela.gnu.linkonce.tb.*)

.rel.ctors
 *(.rel.ctors)

.rela.ctors
 *(.rela.ctors)

.rel.dtors
 *(.rel.dtors)

.rela.dtors
 *(.rela.dtors)

.rel.got
 *(.rel.got)

.rela.got
 *(.rela.got)

.rela.got1
 *(.rela.got1)

.rela.got2      0x80003308        0x0
 *(.rela.got2)
 .rela.got2     0x00000000        0x0 c:/devkitpro/devkitppc/bin/../lib/gcc/powerpc-gekko/4.2.3/crtbegin.o

.rel.sdata
 *(.rel.sdata .rel.sdata.* .rel.gnu.linkonce.s.*)

.rela.sdata
 *(.rela.sdata .rela.sdata.* .rela.gnu.linkonce.s.*)

.rel.sbss
 *(.rel.sbss .rel.sbss.* .rel.gnu.linkonce.sb.*)

.rela.sbss
 *(.rela.sbss .rela.sbss.* .rel.gnu.linkonce.sb.*)

.rel.sdata2
 *(.rel.sdata2 .rel.sdata2.* .rel.gnu.linkonce.s2.*)

.rela.sdata2    0x80003308        0x0
 *(.rela.sdata2 .rela.sdata2.* .rela.gnu.linkonce.s2.*)
 .rela.sdata2.__sys_inIPL
                0x00000000        0x0 c:/devkitpro/devkitppc/bin/../lib/gcc/powerpc-gekko/4.2.3/crtbegin.o

.rel.sbss2
 *(.rel.sbss2 .rel.sbss2.* .rel.gnu.linkonce.sb2.*)

.rela.sbss2
 *(.rela.sbss2 .rela.sbss2.* .rela.gnu.linkonce.sb2.*)

.rel.bss
 *(.rel.bss .rel.bss.* .rel.gnu.linkonce.b.*)

.rela.bss
 *(.rela.bss .rela.bss.* .rela.gnu.linkonce.b.*)

.rel.plt
 *(.rel.plt)

.rela.plt
 *(.rela.plt)

.text           0x80003320    0x87160
 *(.text)
 .text          0x80003320      0x140 c:/devkitpro/devkitppc/bin/../lib/gcc/powerpc-gekko/4.2.3/crtbegin.o
 .text          0x80003460       0x48 c:/devkitpro/devkitppc/bin/../lib/gcc/powerpc-gekko/4.2.3/../../../../powerpc-gekko/lib/crtmain.o
                0x80003464                __crtmain
 .text          0x800034a8       0x24 c:/devkitpro/devkitppc/bin/../lib/gcc/powerpc-gekko/4.2.3/../../../../powerpc-gekko/lib\libm.a(lib_a-s_sin.o)
                0x800034a8                sin
 .text          0x800034cc      0x2c4 c:/devkitpro/devkitppc/bin/../lib/gcc/powerpc-gekko/4.2.3/../../../../powerpc-gekko/lib\libm.a(lib_a-s_sine.o)
                0x800034cc                sine
 .text          0x80003790       0xb4 c:/devkitpro/devkitppc/bin/../lib/gcc/powerpc-gekko/4.2.3/../../../../powerpc-gekko/lib\libm.a(lib_a-s_fabs.o)
                0x80003790                fabs
 .text          0x80003844       0x50 c:/devkitpro/devkitppc/bin/../lib/gcc/powerpc-gekko/4.2.3/../../../../powerpc-gekko/lib\libm.a(lib_a-s_numtest.o)
                0x80003844                numtest
 .text          0x80003894      0x4d8 c:/devkitPro/libogc/lib/cube\libogc.a(cache_asm.o)
                0x80003b70                L2Disable
                0x800038f8                DCBlockZero
                0x800039b0                DCFlushRangeNoSync
                0x80003b04                ICBlockInvalidate
                0x80003894                DCFlashInvalidate
                0x80003900                DCBlockStore
                0x80003a10                DCZeroRange
                0x80003d24                LCLoadBlocks
                0x800038f0                DCTouchLoad
                0x80003ce4                LCAllocTags
                0x80003acc                ICDisable
                0x80003ab8                ICEnable
                0x80003b88                L2GlobalInvalidate
                0x80003d48                LCStoreBlocks
                0x80003aa8                ICFlashInvalidate
                0x80003a40                DCTouchRange
                0x800039e0                DCStoreRangeNoSync
                0x80003ae0                ICFreeze
                0x800038b8                DCDisable
                0x80003908                DCBlockFlush
                0x800038a4                DCEnable
                0x80003b5c                L2Enable
                0x80003be0                __LCEnable
                0x80003918                DCInvalidateRange
                0x80003cd0                LCAllocOneTag
                0x800038e0                DCUnfreeze
                0x80003a70                ICInvalidateRange
                0x80003948                DCFlushRange
                0x80003b0c                ICSync
                0x80003910                DCBlockInvalidate
                0x800038cc                DCFreeze
                0x80003b14                L2Init
                0x80003af4                ICUnfreeze
                0x8000397c                DCStoreRange
                0x80003ca8                LCDisable
 .text          0x80003d6c      0x304 c:/devkitPro/libogc/lib/cube\libogc.a(system_asm.o)
                0x80003e04                __configMEM1_48Mb
                0x80003fd0                __reset
                0x80003d6c                __realmode
                0x80003ebc                __CacheInit
                0x80003f20                __SystemInit
                0x80003d84                __configMEM1_24Mb
                0x80003e84                __PSInit
                0x80003f9c                __flush_cache
                0x80004040                SYS_SwitchFiber
 *fill*         0x80004070       0x10 00000000
 .text          0x80004080      0x4e8 c:/devkitPro/libogc/lib/cube\libogc.a(lwp_handler.o)
                0x800041c0                _cpu_context_restore_fp
                0x80004480                _cpu_context_save
                0x80004080                _cpu_context_save_fp
                0x80004300                _cpu_context_switch
                0x80004500                _cpu_context_restore
 .text          0x80004568      0x1b0 c:/devkitPro/libogc/lib/cube\libogc.a(irq_handler.o)
                0x80004568                irq_exceptionhandler
 .text          0x80004718      0x118 c:/devkitPro/libogc/lib/cube\libogc.a(video_asm.o)
                0x80004718                __VIClearFramebuffer
 .text          0x80004830      0x1b0 c:/devkitPro/libogc/lib/cube\libogc.a(decrementer_handler.o)
                0x80004830                dec_exceptionhandler
 .text          0x800049e0      0x34c c:/devkitPro/libogc/lib/cube\libogc.a(exception_handler.o)
                0x800049e0                exceptionhandler_start
                0x80004a94                default_exceptionhandler
                0x80004d28                systemcallhandler_end
                0x80004d0c                systemcallhandler_start
                0x80004a90                exceptionhandler_end
                0x80004a5c                exceptionhandler_patch
                0x80004bd4                fpu_exceptionhandler
 .text          0x80004d2c      0x114 c:/devkitpro/devkitppc/bin/../lib/gcc/powerpc-gekko/4.2.3/../../../../powerpc-gekko/lib\libfreetype.a(ftinit.o)
                0x80004d84                FT_Init_FreeType
                0x80004e00                FT_Done_FreeType
                0x80004d2c                FT_Add_Default_Modules
 .text          0x80004e40     0x952c c:/devkitpro/devkitppc/bin/../lib/gcc/powerpc-gekko/4.2.3/../../../../powerpc-gekko/lib\libfreetype.a(ftbase.o)
                0x80009174                FT_Done_GlyphSlot
                0x80005464                FT_QAlloc
                0x8000549c                FT_Realloc
                0x8000b574                FT_Request_Metrics
                0x800067d8                FT_DivFix
                0x80008b78                ft_validator_init
                0x800059b8                FT_Stream_ReleaseFrame
                0x800055a0                FT_Stream_Close
                0x8000d604                ft_module_get_service
                0x80005abc                FT_Stream_GetShort
                0x80009f14                FT_Raccess_Guess
                0x800068bc                FT_SqrtFixed
                0x8000db14                FT_Get_Sfnt_Name
                0x8000d8ac                FT_Set_Debug_Hook
                0x80004e40                ft_mem_qalloc
                0x80005334                FT_List_Finalize
                0x8000cab8                FT_Load_Glyph
                0x80006f98                FT_Vector_Polarize
                0x80004ee8                ft_mem_alloc
                0x8000a1b0                FT_Done_Face
                0x80004f8c                ft_mem_free
                0x80007a84                FT_Lookup_Renderer
                0x8000566c                FT_Stream_ReadAt
                0x8000af50                FT_New_Memory_Face
                0x8000ca90                FT_Render_Glyph
                0x8000b360                ft_synthesize_vertical_metrics
                0x80008650                FT_GlyphLoader_CheckPoints
                0x800088d4                FT_GlyphLoader_Prepare
                0x8000bb5c                FT_Get_Kerning
                0x800092fc                FT_Get_Char_Index
                0x800050c8                ft_mem_realloc
                0x800079c0                FT_Outline_Reverse
                0x80007974                FT_Outline_Translate
                0x8000540c                ft_highpow2
                0x80005a1c                FT_Stream_ExitFrame
                0x8000b0fc                FT_Done_Size
                0x80008bb4                ft_validator_error
                0x80006550                FT_MulDiv
                0x8000880c                FT_GlyphLoader_CheckSubGlyphs
                0x8000bdec                FT_Set_Charmap
                0x80005b7c                FT_Stream_GetLong
                0x80005730                FT_Stream_Read
                0x8000da4c                FT_Get_SubGlyph_Info
                0x80006420                FT_RoundFix
                0x800051cc                FT_List_Add
                0x800055e8                FT_Stream_Seek
                0x80005744                FT_Stream_TryRead
                0x8000a050                FT_New_Size
                0x80008408                FT_GlyphLoader_Rewind
                0x8000c57c                FT_Get_Sfnt_Table
                0x80008fc4                FT_New_GlyphSlot
                0x800089a0                FT_GlyphLoader_CopyPoints
                0x80006478                FT_FloorFix
                0x8000d9cc                ft_stub_set_pixel_sizes
                0x800070b0                FT_Outline_Decompose
                0x8000bac0                FT_Set_Pixel_Sizes
                0x8000be48                FT_Get_Charmap_Index
                0x80006d0c                FT_Atan2
                0x80006494                FT_Sqrt32
                0x8000c360                FT_Get_Glyph_Name
                0x8000bd70                FT_Select_Charmap
                0x80007bdc                FT_Outline_Render
                0x80007e20                FT_Outline_Transform
                0x8000b928                FT_Request_Size
                0x80009c9c                FT_Raccess_Get_DataOffsets
                0x8000d6ec                FT_New_Library
                0x800099a4                FT_Get_Module
                0x80005b34                FT_Stream_GetOffset
                0x8000d064                FT_Remove_Module
                0x80008468                FT_GlyphLoader_Reset
                0x80005658                FT_Stream_Skip
                0x8000671c                FT_MulFix
                0x8000c154                FT_Get_Next_Char
                0x80005264                FT_List_Up
                0x80007ea0                FT_Outline_Get_Orientation
                0x8000b0b0                FT_Attach_File
                0x80007d04                FT_Outline_Get_Bitmap
                0x80005968                FT_Stream_ExtractFrame
                0x800061b0                FT_Stream_ReadFields
                0x80006dd4                FT_Vector_Rotate
                0x800083b0                FT_GlyphLoader_New
                0x8000d8dc                FT_Get_TrueType_Engine_Type
                0x80007044                FT_Vector_From_Polar
                0x80005c1c                FT_Stream_ReadChar
                0x8000c61c                FT_Load_Sfnt_Table
                0x80006d7c                FT_Vector_Unit
                0x80008cfc                FT_Stream_Free
                0x80008124                FT_Outline_Embolden
                0x80007710                FT_Outline_Check
                0x8000cfb8                FT_Load_Char
                0x80009a60                FT_Raccess_Get_HeaderInfo
                0x8000c938                FT_Get_Renderer
                0x8000b480                FT_Select_Metrics
                0x8000c724                FT_Sfnt_Table_Info
                0x80007d6c                FT_Vector_Transform
                0x800057ec                FT_Stream_EnterFrame
                0x8000ba30                FT_Set_Char_Size
                0x80009228                FT_Set_Transform
                0x80008e28                ft_glyphslot_alloc_bitmap
                0x8000daf0                FT_Get_Sfnt_Name_Count
                0x800077b4                FT_Outline_Copy
                0x80006c70                FT_Cos
                0x80008dec                ft_glyphslot_set_bitmap
                0x800085b0                FT_GlyphLoader_CreateExtra
                0x8000b898                FT_Select_Size
                0x800078a0                FT_Outline_Get_CBox
                0x8000d29c                FT_Add_Module
                0x8000522c                FT_List_Remove
                0x800075a0                FT_Outline_New_Internal
                0x8000788c                FT_Outline_Done
                0x800051fc                FT_List_Insert
                0x80007af0                FT_Set_Renderer
                0x8000552c                FT_Free
                0x80005bcc                FT_Stream_GetLongLE
                0x8000c814                FT_Get_CMap_Language_ID
                0x80007058                FT_Angle_Diff
                0x8000d93c                ft_stub_set_char_sizes
                0x80008924                FT_GlyphLoader_Add
                0x80008d74                ft_glyphslot_free_bitmap
                0x8000a28c                FT_Open_Face
                0x8000afe8                FT_Attach_Stream
                0x80008ad0                ft_service_list_lookup
                0x80008bd0                FT_Stream_New
                0x8000d800                FT_Done_Library
                0x800052c8                FT_List_Iterate
                0x80006cb8                FT_Sin
                0x80005a90                FT_Stream_GetChar
                0x800051a4                FT_List_Find
                0x800074d0                FT_Outline_Done_Internal
                0x8000d7b8                FT_Library_Version
                0x8000c940                FT_Render_Glyph_Internal
                0x80008b90                ft_validator_run
                0x8000bfcc                FT_CMap_New
                0x8000bca0                FT_Get_Track_Kerning
                0x8000b1fc                FT_Match_Size
                0x8000c1e0                FT_Get_First_Char
                0x80005dcc                FT_Stream_ReadShortLE
                0x80006ec8                FT_Vector_Length
                0x8000afa4                FT_New_Face
                0x80008510                FT_GlyphLoader_Done
                0x80004fbc                ft_mem_qrealloc
                0x8000c278                FT_Get_Name_Index
                0x800054e4                FT_QRealloc
                0x80005fb8                FT_Stream_ReadLong
                0x8000d5cc                FT_Get_Module_Interface
                0x80005af8                FT_Stream_GetShortLE
                0x80005eb4                FT_Stream_ReadOffset
                0x8000be84                FT_CMap_Done
                0x80005580                FT_Stream_OpenMemory
                0x80006cc4                FT_Tan
                0x800060b4                FT_Stream_ReadLongLE
                0x8000c8c0                FT_Activate_Size
                0x8000c498                FT_Get_Postscript_Name
                0x80005664                FT_Stream_Pos
                0x8000644c                FT_CeilFix
                0x80005ce4                FT_Stream_ReadShort
                0x8000542c                FT_Alloc
                0x800076fc                FT_Outline_New
 .text          0x8000e36c     0x4460 c:/devkitpro/devkitppc/bin/../lib/gcc/powerpc-gekko/4.2.3/../../../../powerpc-gekko/lib\libfreetype.a(truetype.o)
 .text          0x800127cc     0x4e84 c:/devkitpro/devkitppc/bin/../lib/gcc/powerpc-gekko/4.2.3/../../../../powerpc-gekko/lib\libfreetype.a(type1.o)
 .text          0x80017650     0x5a98 c:/devkitpro/devkitppc/bin/../lib/gcc/powerpc-gekko/4.2.3/../../../../powerpc-gekko/lib\libfreetype.a(cff.o)
 .text          0x8001d0e8     0x1acc c:/devkitpro/devkitppc/bin/../lib/gcc/powerpc-gekko/4.2.3/../../../../powerpc-gekko/lib\libfreetype.a(type1cid.o)
 .text          0x8001ebb4     0x3858 c:/devkitpro/devkitppc/bin/../lib/gcc/powerpc-gekko/4.2.3/../../../../powerpc-gekko/lib\libfreetype.a(pfr.o)
 .text          0x8002240c     0x223c c:/devkitpro/devkitppc/bin/../lib/gcc/powerpc-gekko/4.2.3/../../../../powerpc-gekko/lib\libfreetype.a(type42.o)
 .text          0x80024648      0xd0c c:/devkitpro/devkitppc/bin/../lib/gcc/powerpc-gekko/4.2.3/../../../../powerpc-gekko/lib\libfreetype.a(winfnt.o)
 .text          0x80025354     0x1fb8 c:/devkitpro/devkitppc/bin/../lib/gcc/powerpc-gekko/4.2.3/../../../../powerpc-gekko/lib\libfreetype.a(pcf.o)
 .text          0x8002730c     0x3f30 c:/devkitpro/devkitppc/bin/../lib/gcc/powerpc-gekko/4.2.3/../../../../powerpc-gekko/lib\libfreetype.a(bdf.o)
 .text          0x8002b23c     0x775c c:/devkitpro/devkitppc/bin/../lib/gcc/powerpc-gekko/4.2.3/../../../../powerpc-gekko/lib\libfreetype.a(sfnt.o)
 .text          0x80032998     0x57b0 c:/devkitpro/devkitppc/bin/../lib/gcc/powerpc-gekko/4.2.3/../../../../powerpc-gekko/lib\libfreetype.a(autofit.o)
 .text          0x80038148     0x397c c:/devkitpro/devkitppc/bin/../lib/gcc/powerpc-gekko/4.2.3/../../../../powerpc-gekko/lib\libfreetype.a(pshinter.o)
                0x8003a850                ps_hints_apply
 .text          0x8003bac4     0x2930 c:/devkitpro/devkitppc/bin/../lib/gcc/powerpc-gekko/4.2.3/../../../../powerpc-gekko/lib\libfreetype.a(raster.o)
 .text          0x8003e3f4     0x2384 c:/devkitpro/devkitppc/bin/../lib/gcc/powerpc-gekko/4.2.3/../../../../powerpc-gekko/lib\libfreetype.a(smooth.o)
 .text          0x80040778     0x2d70 c:/devkitpro/devkitppc/bin/../lib/gcc/powerpc-gekko/4.2.3/../../../../powerpc-gekko/lib\libfreetype.a(ftgzip.o)
                0x800431b8                FT_Stream_OpenGzip
 .text          0x800434e8      0xb84 c:/devkitpro/devkitppc/bin/../lib/gcc/powerpc-gekko/4.2.3/../../../../powerpc-gekko/lib\libfreetype.a(ftlzw.o)
                0x80043700                FT_Stream_OpenLZW
                0x80043560                ft_lzwstate_reset
                0x80043590                ft_lzwstate_done
                0x80043a44                ft_lzwstate_io
                0x80043688                ft_lzwstate_init
 .text          0x8004406c     0x4058 c:/devkitpro/devkitppc/bin/../lib/gcc/powerpc-gekko/4.2.3/../../../../powerpc-gekko/lib\libfreetype.a(psaux.o)
 .text          0x800480c4      0x6d4 c:/devkitpro/devkitppc/bin/../lib/gcc/powerpc-gekko/4.2.3/../../../../powerpc-gekko/lib\libfreetype.a(psnames.o)
 .text          0x80048798      0x248 c:/devkitpro/devkitppc/bin/../lib/gcc/powerpc-gekko/4.2.3/../../../../powerpc-gekko/lib\libfreetype.a(ftsystem.o)
                0x800489b4                FT_Done_Memory
                0x8004895c                FT_New_Memory
                0x800488a8                FT_Stream_Open
 .text          0x800489e0      0xce0 c:/devkitpro/devkitppc/bin/../lib/gcc/powerpc-gekko/4.2.3/../../../../powerpc-gekko/lib\libfreetype.a(ftglyph.o)
                0x800494a8                FT_Get_Glyph
                0x80049238                FT_Glyph_To_Bitmap
                0x80048b04                FT_Matrix_Invert
                0x800489e0                FT_Matrix_Multiply
                0x800491d4                FT_Done_Glyph
                0x800490c0                FT_Glyph_Get_CBox
                0x80049018                FT_Glyph_Transform
                0x800495c0                FT_Glyph_Copy
 .text          0x800496c0      0xbc4 c:/devkitpro/devkitppc/bin/../lib/gcc/powerpc-gekko/4.2.3/../../../../powerpc-gekko/lib\libfreetype.a(ftbitmap.o)
                0x800496c0                FT_Bitmap_New
                0x80049c34                FT_Bitmap_Done
                0x80049868                FT_Bitmap_Convert
                0x800496fc                FT_Bitmap_Copy
                0x80049cbc                FT_Bitmap_Embolden
 .text          0x8004a284      0x86c c:/devkitpro/devkitppc/bin/../lib/gcc/powerpc-gekko/4.2.3/../../../../powerpc-gekko/lib\libjpeg.a(jpgogc.o)
                0x8004a3f8                JPEG_CopyToBuffer
                0x8004a610                JPEG_Decompress
 .text          0x8004aaf0      0x1a0 c:/devkitpro/devkitppc/bin/../lib/gcc/powerpc-gekko/4.2.3/../../../../powerpc-gekko/lib\libjpeg.a(jmemsrc.o)
                0x8004abdc                jpeg_memory_src
 .text          0x8004ac90      0x7f8 c:/devkitpro/devkitppc/bin/../lib/gcc/powerpc-gekko/4.2.3/../../../../powerpc-gekko/lib\libjpeg.a(jdapimin.o)
                0x8004adf8                jpeg_abort_decompress
                0x8004add8                jpeg_destroy_decompress
                0x8004ac90                jpeg_CreateDecompress
                0x8004b2d4                jpeg_has_multiple_scans
                0x8004ae18                jpeg_consume_input
                0x8004b254                jpeg_input_complete
                0x8004b168                jpeg_read_header
                0x8004b354                jpeg_finish_decompress
 .text          0x8004b488      0x78c c:/devkitpro/devkitppc/bin/../lib/gcc/powerpc-gekko/4.2.3/../../../../powerpc-gekko/lib\libjpeg.a(jdapistd.o)
                0x8004b7e0                jpeg_read_scanlines
                0x8004b634                jpeg_start_decompress
                0x8004b904                jpeg_read_raw_data
                0x8004bb1c                jpeg_finish_output
                0x8004ba70                jpeg_start_output
 .text          0x8004bc14      0x7f8 c:/devkitpro/devkitppc/bin/../lib/gcc/powerpc-gekko/4.2.3/../../../../powerpc-gekko/lib\libjpeg.a(jdinput.o)
                0x8004c384                jinit_input_controller
 .text          0x8004c40c     0x2734 c:/devkitpro/devkitppc/bin/../lib/gcc/powerpc-gekko/4.2.3/../../../../powerpc-gekko/lib\libjpeg.a(jdmarker.o)
                0x8004eabc                jpeg_set_marker_processor
                0x8004e6a8                jpeg_resync_to_restart
                0x8004e8d0                jinit_marker_reader
                0x8004e984                jpeg_save_markers
 .text          0x8004eb40      0xae8 c:/devkitpro/devkitppc/bin/../lib/gcc/powerpc-gekko/4.2.3/../../../../powerpc-gekko/lib\libjpeg.a(jdmaster.o)
                0x8004f264                jinit_master_decompress
                0x8004ec14                jpeg_calc_output_dimensions
                0x8004f18c                jpeg_new_colormap
 .text          0x8004f628      0x6d8 c:/devkitpro/devkitppc/bin/../lib/gcc/powerpc-gekko/4.2.3/../../../../powerpc-gekko/lib\libjpeg.a(jdmerge.o)
                0x8004fb18                jinit_merged_upsampler
 .text          0x8004fd00     0x10f4 c:/devkitpro/devkitppc/bin/../lib/gcc/powerpc-gekko/4.2.3/../../../../powerpc-gekko/lib\libjpeg.a(jdphuff.o)
                0x80050d2c                jinit_phuff_decoder
 .text          0x80050df4      0x5d4 c:/devkitpro/devkitppc/bin/../lib/gcc/powerpc-gekko/4.2.3/../../../../powerpc-gekko/lib\libjpeg.a(jdpostct.o)
                0x800512b0                jinit_d_post_controller
 .text          0x800513c8      0x95c c:/devkitpro/devkitppc/bin/../lib/gcc/powerpc-gekko/4.2.3/../../../../powerpc-gekko/lib\libjpeg.a(jdsample.o)
                0x80051a28                jinit_upsampler
 .text          0x80051d24      0x2b8 c:/devkitpro/devkitppc/bin/../lib/gcc/powerpc-gekko/4.2.3/../../../../powerpc-gekko/lib\libjpeg.a(jerror.o)
                0x80051f6c                jpeg_std_error
 .text          0x80051fdc     0x1524 c:/devkitpro/devkitppc/bin/../lib/gcc/powerpc-gekko/4.2.3/../../../../powerpc-gekko/lib\libjpeg.a(jmemmgr.o)
                0x8005333c                jinit_memory_mgr
 .text          0x80053500       0xd8 c:/devkitpro/devkitppc/bin/../lib/gcc/powerpc-gekko/4.2.3/../../../../powerpc-gekko/lib\libjpeg.a(jmemnobs.o)
                0x80053500                jpeg_get_small
                0x800535cc                jpeg_mem_init
                0x80053598                jpeg_open_backing_store
                0x800535d4                jpeg_mem_term
                0x80053590                jpeg_mem_available
                0x80053548                jpeg_get_large
                0x8005356c                jpeg_free_large
                0x80053524                jpeg_free_small
 .text          0x800535d8      0xf70 c:/devkitpro/devkitppc/bin/../lib/gcc/powerpc-gekko/4.2.3/../../../../powerpc-gekko/lib\libjpeg.a(jquant1.o)
                0x80054188                jinit_1pass_quantizer
 .text          0x80054548     0x16dc c:/devkitpro/devkitppc/bin/../lib/gcc/powerpc-gekko/4.2.3/../../../../powerpc-gekko/lib\libjpeg.a(jquant2.o)
                0x800559e4                jinit_2pass_quantizer
 .text          0x80055c24       0xf4 c:/devkitpro/devkitppc/bin/../lib/gcc/powerpc-gekko/4.2.3/../../../../powerpc-gekko/lib\libjpeg.a(jutils.o)
                0x80055c34                jround_up
                0x80055c24                jdiv_round_up
                0x80055c48                jcopy_sample_rows
                0x80055cf0                jzero_far
                0x80055cc0                jcopy_block_row
 .text          0x80055d18      0x198 c:/devkitpro/devkitppc/bin/../lib/gcc/powerpc-gekko/4.2.3/../../../../powerpc-gekko/lib\libjpeg.a(jcomapi.o)
                0x80055dcc                jpeg_destroy
                0x80055e74                jpeg_alloc_huff_table
                0x80055d18                jpeg_abort
                0x80055e38                jpeg_alloc_quant_table
 .text          0x80055eb0     0x12cc c:/devkitpro/devkitppc/bin/../lib/gcc/powerpc-gekko/4.2.3/../../../../powerpc-gekko/lib\libjpeg.a(jdcoefct.o)
                0x80056fa8                jinit_d_coef_controller
 .text          0x8005717c      0x708 c:/devkitpro/devkitppc/bin/../lib/gcc/powerpc-gekko/4.2.3/../../../../powerpc-gekko/lib\libjpeg.a(jdcolor.o)
                0x80057644                jinit_color_deconverter
 .text          0x80057884      0x3d0 c:/devkitpro/devkitppc/bin/../lib/gcc/powerpc-gekko/4.2.3/../../../../powerpc-gekko/lib\libjpeg.a(jddctmgr.o)
                0x80057b80                jinit_inverse_dct
 .text          0x80057c54      0xf28 c:/devkitpro/devkitppc/bin/../lib/gcc/powerpc-gekko/4.2.3/../../../../powerpc-gekko/lib\libjpeg.a(jdhuff.o)
                0x80057c54                jpeg_make_d_derived_tbl
                0x800583f4                jpeg_huff_decode
                0x80058234                jpeg_fill_bit_buffer
                0x80058b04                jinit_huff_decoder
 .text          0x80058b7c      0x960 c:/devkitpro/devkitppc/bin/../lib/gcc/powerpc-gekko/4.2.3/../../../../powerpc-gekko/lib\libjpeg.a(jdmainct.o)
                0x80059254                jinit_d_main_controller
 .text          0x800594dc      0x514 c:/devkitpro/devkitppc/bin/../lib/gcc/powerpc-gekko/4.2.3/../../../../powerpc-gekko/lib\libjpeg.a(jidctflt.o)
                0x800594dc                jpeg_idct_float
 .text          0x800599f0      0x448 c:/devkitpro/devkitppc/bin/../lib/gcc/powerpc-gekko/4.2.3/../../../../powerpc-gekko/lib\libjpeg.a(jidctfst.o)
                0x800599f0                jpeg_idct_ifast
 .text          0x80059e38      0x520 c:/devkitpro/devkitppc/bin/../lib/gcc/powerpc-gekko/4.2.3/../../../../powerpc-gekko/lib\libjpeg.a(jidctint.o)
                0x80059e38                jpeg_idct_islow
 .text          0x8005a358      0x5e8 c:/devkitpro/devkitppc/bin/../lib/gcc/powerpc-gekko/4.2.3/../../../../powerpc-gekko/lib\libjpeg.a(jidctred.o)
                0x8005a910                jpeg_idct_1x1
                0x8005a6ac                jpeg_idct_2x2
                0x8005a358                jpeg_idct_4x4
 .text          0x8005a940      0x430 c:/devkitpro/devkitppc/bin/../lib/gcc/powerpc-gekko/4.2.3\libgcc.a(_udivdi3.o)
                0x8005a940                __udivdi3
 .text          0x8005ad70       0x28 c:/devkitpro/devkitppc/bin/../lib/gcc/powerpc-gekko/4.2.3/../../../../powerpc-gekko/lib\libsysbase.a(abort.o)
                0x8005ad70                abort
 .text          0x8005ad98      0x280 c:/devkitpro/devkitppc/bin/../lib/gcc/powerpc-gekko/4.2.3/../../../../powerpc-gekko/lib\libsysbase.a(iosupport.o)
                0x8005afc8                RemoveDevice
                0x8005ad98                setDefaultDevice
                0x8005adb0                AddDevice
                0x8005aed8                FindDevice
 .text          0x8005b018       0x28 c:/devkitpro/devkitppc/bin/../lib/gcc/powerpc-gekko/4.2.3/../../../../powerpc-gekko/lib\libsysbase.a(_exit.o)
                0x8005b018                _exit
 .text          0x8005b040       0x9c c:/devkitpro/devkitppc/bin/../lib/gcc/powerpc-gekko/4.2.3/../../../../powerpc-gekko/lib\libsysbase.a(build_argv.o)
                0x8005b040                build_argv
 .text          0x8005b0dc      0x168 c:/devkitpro/devkitppc/bin/../lib/gcc/powerpc-gekko/4.2.3/../../../../powerpc-gekko/lib\libsysbase.a(syscall_support.o)
                0x8005b210                __malloc_unlock
                0x8005b15c                __libc_lock_release
                0x8005b0dc                __libc_lock_init
                0x8005b1dc                __malloc_lock
                0x8005b11c                __libc_lock_close
                0x8005b19c                __libc_lock_acquire
 .text          0x8005b244       0x50 c:/devkitpro/devkitppc/bin/../lib/gcc/powerpc-gekko/4.2.3/../../../../powerpc-gekko/lib\libc.a(lib_a-atol.o)
                0x8005b244                _atol_r
                0x8005b26c                atol
 .text          0x8005b294       0x34 c:/devkitpro/devkitppc/bin/../lib/gcc/powerpc-gekko/4.2.3/../../../../powerpc-gekko/lib\libc.a(lib_a-calloc.o)
                0x8005b294                calloc
 .text          0x8005b2c8       0xd0 c:/devkitpro/devkitppc/bin/../lib/gcc/powerpc-gekko/4.2.3/../../../../powerpc-gekko/lib\libc.a(lib_a-callocr.o)
                0x8005b2c8                _calloc_r
 .text          0x8005b398       0x24 c:/devkitpro/devkitppc/bin/../lib/gcc/powerpc-gekko/4.2.3/../../../../powerpc-gekko/lib\libc.a(lib_a-ctime.o)
                0x8005b398                ctime
 .text          0x8005b3bc        0xc c:/devkitpro/devkitppc/bin/../lib/gcc/powerpc-gekko/4.2.3/../../../../powerpc-gekko/lib\libc.a(lib_a-errno.o)
                0x8005b3bc                __errno
 .text          0x8005b3c8       0x40 c:/devkitpro/devkitppc/bin/../lib/gcc/powerpc-gekko/4.2.3/../../../../powerpc-gekko/lib\libc.a(lib_a-exit.o)
                0x8005b3c8                exit
 .text          0x8005b408      0x188 c:/devkitpro/devkitppc/bin/../lib/gcc/powerpc-gekko/4.2.3/../../../../powerpc-gekko/lib\libc.a(lib_a-fclose.o)
                0x8005b408                _fclose_r
                0x8005b580                fclose
 .text          0x8005b590      0x310 c:/devkitpro/devkitppc/bin/../lib/gcc/powerpc-gekko/4.2.3/../../../../powerpc-gekko/lib\libc.a(lib_a-fflush.o)
                0x8005b850                fflush
                0x8005b590                _fflush_r
 .text          0x8005b8a0      0x4ac c:/devkitpro/devkitppc/bin/../lib/gcc/powerpc-gekko/4.2.3/../../../../powerpc-gekko/lib\libc.a(lib_a-findfp.o)
                0x8005ba8c                __sinit
                0x8005bbac                __sfmoreglue
                0x8005b8c8                _cleanup
                0x8005b8a0                _cleanup_r
                0x8005bb78                __fp_lock_all
                0x8005bb28                __sfp_lock_acquire
                0x8005bc24                __sfp
                0x8005b934                __sinit_lock_release
                0x8005b988                __fp_unlock_all
                0x8005b95c                __sfp_lock_release
                0x8005ba40                __sinit_lock_acquire
 .text          0x8005bd4c      0x154 c:/devkitpro/devkitppc/bin/../lib/gcc/powerpc-gekko/4.2.3/../../../../powerpc-gekko/lib\libc.a(lib_a-fopen.o)
                0x8005be88                fopen
                0x8005bd4c                _fopen_r
 .text          0x8005bea0      0x110 c:/devkitpro/devkitppc/bin/../lib/gcc/powerpc-gekko/4.2.3/../../../../powerpc-gekko/lib\libc.a(lib_a-fprintf.o)
                0x8005bea0                fprintf
                0x8005bf34                _fprintf_r
 .text          0x8005bfb0      0x3c0 c:/devkitpro/devkitppc/bin/../lib/gcc/powerpc-gekko/4.2.3/../../../../powerpc-gekko/lib\libc.a(lib_a-fread.o)
                0x8005c348                fread
                0x8005bfb0                _fread_r
 .text          0x8005c370      0x3f8 c:/devkitpro/devkitppc/bin/../lib/gcc/powerpc-gekko/4.2.3/../../../../powerpc-gekko/lib\libc.a(lib_a-freer.o)
                0x8005c48c                _free_r
                0x8005c370                _malloc_trim_r
 .text          0x8005c768      0x5b4 c:/devkitpro/devkitppc/bin/../lib/gcc/powerpc-gekko/4.2.3/../../../../powerpc-gekko/lib\libc.a(lib_a-fseek.o)
                0x8005ccfc                fseek
                0x8005c768                _fseek_r
 .text          0x8005cd1c      0x174 c:/devkitpro/devkitppc/bin/../lib/gcc/powerpc-gekko/4.2.3/../../../../powerpc-gekko/lib\libc.a(lib_a-ftell.o)
                0x8005ce80                ftell
                0x8005cd1c                _ftell_r
 .text          0x8005ce90      0x20c c:/devkitpro/devkitppc/bin/../lib/gcc/powerpc-gekko/4.2.3/../../../../powerpc-gekko/lib\libc.a(lib_a-fwalk.o)
                0x8005cf9c                _fwalk
                0x8005ce90                _fwalk_reent
 .text          0x8005d09c       0x64 c:/devkitpro/devkitppc/bin/../lib/gcc/powerpc-gekko/4.2.3/../../../../powerpc-gekko/lib\libc.a(lib_a-getenv.o)
                0x8005d09c                getenv
                0x8005d0cc                _findenv
 .text          0x8005d100      0x168 c:/devkitpro/devkitppc/bin/../lib/gcc/powerpc-gekko/4.2.3/../../../../powerpc-gekko/lib\libc.a(lib_a-getenv_r.o)
                0x8005d100                _findenv_r
                0x8005d244                _getenv_r
 .text          0x8005d268       0x2c c:/devkitpro/devkitppc/bin/../lib/gcc/powerpc-gekko/4.2.3/../../../../powerpc-gekko/lib\libc.a(lib_a-lcltime.o)
                0x8005d268                localtime
 .text          0x8005d294       0x24 c:/devkitpro/devkitppc/bin/../lib/gcc/powerpc-gekko/4.2.3/../../../../powerpc-gekko/lib\libc.a(lib_a-lcltime_r.o)
                0x8005d294                localtime_r
 .text          0x8005d2b8      0x1bc c:/devkitpro/devkitppc/bin/../lib/gcc/powerpc-gekko/4.2.3/../../../../powerpc-gekko/lib\libc.a(lib_a-makebuf.o)
                0x8005d2b8                __smakebuf_r
 .text          0x8005d474       0x34 c:/devkitpro/devkitppc/bin/../lib/gcc/powerpc-gekko/4.2.3/../../../../powerpc-gekko/lib\libc.a(lib_a-malign.o)
                0x8005d474                memalign
 .text          0x8005d4a8      0x1b0 c:/devkitpro/devkitppc/bin/../lib/gcc/powerpc-gekko/4.2.3/../../../../powerpc-gekko/lib\libc.a(lib_a-malignr.o)
                0x8005d4a8                _memalign_r
 .text          0x8005d658       0x58 c:/devkitpro/devkitppc/bin/../lib/gcc/powerpc-gekko/4.2.3/../../../../powerpc-gekko/lib\libc.a(lib_a-malloc.o)
                0x8005d684                malloc
                0x8005d658                free
 .text          0x8005d6b0      0x86c c:/devkitpro/devkitppc/bin/../lib/gcc/powerpc-gekko/4.2.3/../../../../powerpc-gekko/lib\libc.a(lib_a-mallocr.o)
                0x8005d6b0                _malloc_r
 .text          0x8005df1c       0xf4 c:/devkitpro/devkitppc/bin/../lib/gcc/powerpc-gekko/4.2.3/../../../../powerpc-gekko/lib\libc.a(lib_a-memchr.o)
                0x8005df1c                memchr
 .text          0x8005e010       0x8c c:/devkitpro/devkitppc/bin/../lib/gcc/powerpc-gekko/4.2.3/../../../../powerpc-gekko/lib\libc.a(lib_a-memcmp.o)
                0x8005e010                memcmp
 .text          0x8005e09c       0xc8 c:/devkitpro/devkitppc/bin/../lib/gcc/powerpc-gekko/4.2.3/../../../../powerpc-gekko/lib\libc.a(lib_a-memcpy.o)
                0x8005e09c                memcpy
 .text          0x8005e164      0x104 c:/devkitpro/devkitppc/bin/../lib/gcc/powerpc-gekko/4.2.3/../../../../powerpc-gekko/lib\libc.a(lib_a-memmove.o)
                0x8005e164                memmove
 .text          0x8005e268       0xac c:/devkitpro/devkitppc/bin/../lib/gcc/powerpc-gekko/4.2.3/../../../../powerpc-gekko/lib\libc.a(lib_a-memset.o)
                0x8005e268                memset
 .text          0x8005e314      0x870 c:/devkitpro/devkitppc/bin/../lib/gcc/powerpc-gekko/4.2.3/../../../../powerpc-gekko/lib\libc.a(lib_a-mktm_r.o)
                0x8005e314                __tzcalc_limits
                0x8005e588                _mktm_r
 .text          0x8005eb84      0x124 c:/devkitpro/devkitppc/bin/../lib/gcc/powerpc-gekko/4.2.3/../../../../powerpc-gekko/lib\libc.a(lib_a-printf.o)
                0x8005eb84                printf
                0x8005ec1c                _printf_r
 .text          0x8005eca8       0xa8 c:/devkitpro/devkitppc/bin/../lib/gcc/powerpc-gekko/4.2.3/../../../../powerpc-gekko/lib\libc.a(lib_a-puts.o)
                0x8005eca8                _puts_r
                0x8005ed40                puts
 .text          0x8005ed50      0xafc c:/devkitpro/devkitppc/bin/../lib/gcc/powerpc-gekko/4.2.3/../../../../powerpc-gekko/lib\libc.a(lib_a-qsort.o)
                0x8005ed50                qsort
 .text          0x8005f84c       0x34 c:/devkitpro/devkitppc/bin/../lib/gcc/powerpc-gekko/4.2.3/../../../../powerpc-gekko/lib\libc.a(lib_a-realloc.o)
                0x8005f84c                realloc
 .text          0x8005f880      0x668 c:/devkitpro/devkitppc/bin/../lib/gcc/powerpc-gekko/4.2.3/../../../../powerpc-gekko/lib\libc.a(lib_a-reallocr.o)
                0x8005f880                _realloc_r
 .text          0x8005fee8      0x248 c:/devkitpro/devkitppc/bin/../lib/gcc/powerpc-gekko/4.2.3/../../../../powerpc-gekko/lib\libc.a(lib_a-reent.o)
                0x8005ffa8                cleanup_glue
                0x8005fff8                _reclaim_reent
                0x8005fee8                _wrapup_reent
 .text          0x80060130      0x248 c:/devkitpro/devkitppc/bin/../lib/gcc/powerpc-gekko/4.2.3/../../../../powerpc-gekko/lib\libc.a(lib_a-refill.o)
                0x80060130                __srefill_r
 .text          0x80060378      0x180 c:/devkitpro/devkitppc/bin/../lib/gcc/powerpc-gekko/4.2.3/../../../../powerpc-gekko/lib\libc.a(lib_a-setjmp.o)
                0x80060434                longjmp
                0x80060378                setjmp
 .text          0x800604f8      0x2cc c:/devkitpro/devkitppc/bin/../lib/gcc/powerpc-gekko/4.2.3/../../../../powerpc-gekko/lib\libc.a(lib_a-setvbuf.o)
                0x800604f8                setvbuf
 .text          0x800607c4      0x188 c:/devkitpro/devkitppc/bin/../lib/gcc/powerpc-gekko/4.2.3/../../../../powerpc-gekko/lib\libc.a(lib_a-sprintf.o)
                0x80060890                _sprintf_r
                0x800607c4                sprintf
 .text          0x8006094c      0x1c4 c:/devkitpro/devkitppc/bin/../lib/gcc/powerpc-gekko/4.2.3/../../../../powerpc-gekko/lib\libc.a(lib_a-sscanf.o)
                0x80060a34                sscanf
                0x80060954                _sscanf_r
 .text          0x80060b10      0x178 c:/devkitpro/devkitppc/bin/../lib/gcc/powerpc-gekko/4.2.3/../../../../powerpc-gekko/lib\libc.a(lib_a-stdio.o)
                0x80060b34                __sseek
                0x80060c24                __sread
                0x80060b10                __sclose
                0x80060b9c                __swrite
 .text          0x80060c88       0x88 c:/devkitpro/devkitppc/bin/../lib/gcc/powerpc-gekko/4.2.3/../../../../powerpc-gekko/lib\libc.a(lib_a-strcat.o)
                0x80060c88                strcat
 .text          0x80060d10       0xc0 c:/devkitpro/devkitppc/bin/../lib/gcc/powerpc-gekko/4.2.3/../../../../powerpc-gekko/lib\libc.a(lib_a-strcmp.o)
                0x80060d10                strcmp
 .text          0x80060dd0       0x74 c:/devkitpro/devkitppc/bin/../lib/gcc/powerpc-gekko/4.2.3/../../../../powerpc-gekko/lib\libc.a(lib_a-strcpy.o)
                0x80060dd0                strcpy
 .text          0x80060e44       0x64 c:/devkitpro/devkitppc/bin/../lib/gcc/powerpc-gekko/4.2.3/../../../../powerpc-gekko/lib\libc.a(lib_a-strlen.o)
                0x80060e44                strlen
 .text          0x80060ea8      0x144 c:/devkitpro/devkitppc/bin/../lib/gcc/powerpc-gekko/4.2.3/../../../../powerpc-gekko/lib\libc.a(lib_a-strncmp.o)
                0x80060ea8                strncmp
 .text          0x80060fec       0xdc c:/devkitpro/devkitppc/bin/../lib/gcc/powerpc-gekko/4.2.3/../../../../powerpc-gekko/lib\libc.a(lib_a-strncpy.o)
                0x80060fec                strncpy
 .text          0x800610c8       0x44 c:/devkitpro/devkitppc/bin/../lib/gcc/powerpc-gekko/4.2.3/../../../../powerpc-gekko/lib\libc.a(lib_a-strnlen.o)
                0x800610c8                strnlen
 .text          0x8006110c       0x84 c:/devkitpro/devkitppc/bin/../lib/gcc/powerpc-gekko/4.2.3/../../../../powerpc-gekko/lib\libc.a(lib_a-strrchr.o)
                0x8006110c                strrchr
 .text          0x80061190      0x200 c:/devkitpro/devkitppc/bin/../lib/gcc/powerpc-gekko/4.2.3/../../../../powerpc-gekko/lib\libc.a(lib_a-strtol.o)
                0x80061370                strtol
                0x80061190                _strtol_r
 .text          0x80061390       0x3c c:/devkitpro/devkitppc/bin/../lib/gcc/powerpc-gekko/4.2.3/../../../../powerpc-gekko/lib\libc.a(lib_a-syswrite.o)
                0x80061390                write
 .text          0x800613cc       0x74 c:/devkitpro/devkitppc/bin/../lib/gcc/powerpc-gekko/4.2.3/../../../../powerpc-gekko/lib\libc.a(lib_a-tzlock.o)
                0x800613cc                __tz_unlock
                0x800613f4                __tz_lock
 .text          0x80061440     0x2344 c:/devkitpro/devkitppc/bin/../lib/gcc/powerpc-gekko/4.2.3/../../../../powerpc-gekko/lib\libc.a(lib_a-vfprintf.o)
                0x800614a0                _vfprintf_r
                0x80063764                vfprintf
 .text          0x80063784     0x151c c:/devkitpro/devkitppc/bin/../lib/gcc/powerpc-gekko/4.2.3/../../../../powerpc-gekko/lib\libc.a(lib_a-vfscanf.o)
                0x80064b34                __svfscanf
                0x80064b54                _vfscanf_r
                0x80064bf4                vfscanf
                0x80063784                __svfscanf_r
 .text          0x80064ca0       0xa4 c:/devkitpro/devkitppc/bin/../lib/gcc/powerpc-gekko/4.2.3/../../../../powerpc-gekko/lib\libc.a(lib_a-wcrtomb.o)
                0x80064ca0                _wcrtomb_r
                0x80064d24                wcrtomb
 .text          0x80064d44      0x1d8 c:/devkitpro/devkitppc/bin/../lib/gcc/powerpc-gekko/4.2.3/../../../../powerpc-gekko/lib\libc.a(lib_a-wcsrtombs.o)
                0x80064d44                _wcsrtombs_r
                0x80064ef4                wcsrtombs
 .text          0x80064f1c      0x464 c:/devkitpro/devkitppc/bin/../lib/gcc/powerpc-gekko/4.2.3/../../../../powerpc-gekko/lib\libc.a(lib_a-wctomb_r.o)
                0x80064f1c                _wctomb_r
 .text          0x80065380      0x178 c:/devkitpro/devkitppc/bin/../lib/gcc/powerpc-gekko/4.2.3/../../../../powerpc-gekko/lib\libc.a(lib_a-wsetup.o)
                0x80065380                __swsetup_r
 .text          0x800654f8      0x1ac c:/devkitpro/devkitppc/bin/../lib/gcc/powerpc-gekko/4.2.3/../../../../powerpc-gekko/lib\libc.a(lib_a-__call_atexit.o)
                0x800654f8                __call_exitprocs
 .text          0x800656a4       0x2c c:/devkitpro/devkitppc/bin/../lib/gcc/powerpc-gekko/4.2.3/../../../../powerpc-gekko/lib\libc.a(lib_a-asctime.o)
                0x800656a4                asctime
 .text          0x800656d0       0x88 c:/devkitpro/devkitppc/bin/../lib/gcc/powerpc-gekko/4.2.3/../../../../powerpc-gekko/lib\libc.a(lib_a-asctime_r.o)
                0x800656d0                asctime_r
 .text          0x80065758     0x1390 c:/devkitpro/devkitppc/bin/../lib/gcc/powerpc-gekko/4.2.3/../../../../powerpc-gekko/lib\libc.a(lib_a-dtoa.o)
                0x80065994                _dtoa_r
 .text          0x80066ae8       0x74 c:/devkitpro/devkitppc/bin/../lib/gcc/powerpc-gekko/4.2.3/../../../../powerpc-gekko/lib\libc.a(lib_a-envlock.o)
                0x80066ae8                __env_unlock
                0x80066b10                __env_lock
 .text          0x80066b5c       0xa4 c:/devkitpro/devkitppc/bin/../lib/gcc/powerpc-gekko/4.2.3/../../../../powerpc-gekko/lib\libc.a(lib_a-flags.o)
                0x80066b5c                __sflags
 .text          0x80066c00      0x528 c:/devkitpro/devkitppc/bin/../lib/gcc/powerpc-gekko/4.2.3/../../../../powerpc-gekko/lib\libc.a(lib_a-fvwrite.o)
                0x80066c00                __sfvwrite_r
 .text          0x80067128        0xc c:/devkitpro/devkitppc/bin/../lib/gcc/powerpc-gekko/4.2.3/../../../../powerpc-gekko/lib\libc.a(lib_a-gettzinfo.o)
                0x80067128                __gettzinfo
 .text          0x80067134      0x180 c:/devkitpro/devkitppc/bin/../lib/gcc/powerpc-gekko/4.2.3/../../../../powerpc-gekko/lib\libc.a(lib_a-iswspace.o)
                0x80067134                iswspace
 .text          0x800672b4      0x234 c:/devkitpro/devkitppc/bin/../lib/gcc/powerpc-gekko/4.2.3/../../../../powerpc-gekko/lib\libc.a(lib_a-jp2uc.o)
                0x800672b4                __jp2uc
 .text          0x800674e8      0x4c4 c:/devkitpro/devkitppc/bin/../lib/gcc/powerpc-gekko/4.2.3/../../../../powerpc-gekko/lib\libc.a(lib_a-locale.o)
                0x8006750c                _setlocale_r
                0x800674e8                __locale_charset
                0x800674f4                _localeconv_r
                0x80067994                setlocale
                0x80067500                localeconv
 .text          0x800679ac       0xb4 c:/devkitpro/devkitppc/bin/../lib/gcc/powerpc-gekko/4.2.3/../../../../powerpc-gekko/lib\libc.a(lib_a-mbrtowc.o)
                0x80067a38                mbrtowc
                0x800679ac                _mbrtowc_r
 .text          0x80067a60      0x9a8 c:/devkitpro/devkitppc/bin/../lib/gcc/powerpc-gekko/4.2.3/../../../../powerpc-gekko/lib\libc.a(lib_a-mbtowc_r.o)
                0x80067a60                _mbtowc_r
 .text          0x80068408     0x1114 c:/devkitpro/devkitppc/bin/../lib/gcc/powerpc-gekko/4.2.3/../../../../powerpc-gekko/lib\libc.a(lib_a-mprec.o)
                0x80068870                _mprec_log10
                0x80068914                __any_on
                0x800689b4                _Balloc
                0x800687ac                __ratio
                0x80069174                __i2b
                0x8006865c                __b2d
                0x800693f4                __s2b
                0x8006855c                __mcmp
                0x8006842c                __hi0bits
                0x800692c8                __pow5mult
                0x80068dd8                __lshift
                0x80068f40                __multiply
                0x80068a84                __d2b
                0x800688ac                __copybits
                0x800685bc                __ulp
                0x80068c2c                __mdiff
                0x80068498                __lo0bits
                0x800691b0                __multadd
                0x80068408                _Bfree
 .text          0x8006951c       0x44 c:/devkitpro/devkitppc/bin/../lib/gcc/powerpc-gekko/4.2.3/../../../../powerpc-gekko/lib\libc.a(lib_a-s_isinfd.o)
                0x8006951c                __isinfd
 .text          0x80069560       0x38 c:/devkitpro/devkitppc/bin/../lib/gcc/powerpc-gekko/4.2.3/../../../../powerpc-gekko/lib\libc.a(lib_a-s_isnand.o)
                0x80069560                __isnand
 .text          0x80069598       0xf4 c:/devkitpro/devkitppc/bin/../lib/gcc/powerpc-gekko/4.2.3/../../../../powerpc-gekko/lib\libc.a(lib_a-sccl.o)
                0x80069598                __sccl
 .text          0x8006968c       0x18 c:/devkitpro/devkitppc/bin/../lib/gcc/powerpc-gekko/4.2.3/../../../../powerpc-gekko/lib\libc.a(lib_a-sf_nan.o)
                0x8006968c                nanf
 .text          0x800696a4      0x188 c:/devkitpro/devkitppc/bin/../lib/gcc/powerpc-gekko/4.2.3/../../../../powerpc-gekko/lib\libc.a(lib_a-siprintf.o)
                0x80069770                _siprintf_r
                0x800696a4                siprintf
 .text          0x8006982c       0xf0 c:/devkitpro/devkitppc/bin/../lib/gcc/powerpc-gekko/4.2.3/../../../../powerpc-gekko/lib\libc.a(lib_a-strchr.o)
                0x8006982c                strchr
 .text          0x8006991c     0x135c c:/devkitpro/devkitppc/bin/../lib/gcc/powerpc-gekko/4.2.3/../../../../powerpc-gekko/lib\libc.a(lib_a-strtod.o)
                0x80069968                _strtod_r
                0x8006ac60                strtod
                0x8006abf4                strtof
 .text          0x8006ac78      0x2c4 c:/devkitpro/devkitppc/bin/../lib/gcc/powerpc-gekko/4.2.3/../../../../powerpc-gekko/lib\libc.a(lib_a-strtoll_r.o)
                0x8006ac78                _strtoll_r
 .text          0x8006af3c      0x1ec c:/devkitpro/devkitppc/bin/../lib/gcc/powerpc-gekko/4.2.3/../../../../powerpc-gekko/lib\libc.a(lib_a-strtoul.o)
                0x8006b108                strtoul
                0x8006af3c                _strtoul_r
 .text          0x8006b128      0x288 c:/devkitpro/devkitppc/bin/../lib/gcc/powerpc-gekko/4.2.3/../../../../powerpc-gekko/lib\libc.a(lib_a-strtoull_r.o)
                0x8006b128                _strtoull_r
 .text          0x8006b3b0      0x368 c:/devkitpro/devkitppc/bin/../lib/gcc/powerpc-gekko/4.2.3/../../../../powerpc-gekko/lib\libc.a(lib_a-ungetc.o)
                0x8006b700                ungetc
                0x8006b3b0                __submore
                0x8006b4dc                _ungetc_r
 .text          0x8006b718     0x1610 c:/devkitpro/devkitppc/bin/../lib/gcc/powerpc-gekko/4.2.3/../../../../powerpc-gekko/lib\libc.a(lib_a-vfiprintf.o)
                0x8006cd08                vfiprintf
                0x8006b778                _vfiprintf_r
 .text          0x8006cd28      0x918 c:/devkitpro/devkitppc/bin/../lib/gcc/powerpc-gekko/4.2.3/../../../../powerpc-gekko/lib\libc.a(lib_a-gdtoa-gethex.o)
                0x8006cd60                __hexdig_init
                0x8006cebc                __gethex
 .text          0x8006d640      0x330 c:/devkitpro/devkitppc/bin/../lib/gcc/powerpc-gekko/4.2.3/../../../../powerpc-gekko/lib\libc.a(lib_a-gdtoa-hexnan.o)
                0x8006d674                __hexnan
 .text          0x8006d970       0xa0 c:/devkitpro/devkitppc/bin/../lib/gcc/powerpc-gekko/4.2.3/../../../../powerpc-gekko/lib\libsysbase.a(close.o)
                0x8006d970                _close_r
 .text          0x8006da10       0xc8 c:/devkitpro/devkitppc/bin/../lib/gcc/powerpc-gekko/4.2.3/../../../../powerpc-gekko/lib\libsysbase.a(fstat.o)
                0x8006da10                _fstat_r
 .text          0x8006dad8        0x8 c:/devkitpro/devkitppc/bin/../lib/gcc/powerpc-gekko/4.2.3/../../../../powerpc-gekko/lib\libsysbase.a(isatty.o)
                0x8006dad8                isatty
 .text          0x8006dae0       0xd0 c:/devkitpro/devkitppc/bin/../lib/gcc/powerpc-gekko/4.2.3/../../../../powerpc-gekko/lib\libsysbase.a(lseek.o)
                0x8006dae0                _lseek_r
 .text          0x8006dbb0      0x14c c:/devkitpro/devkitppc/bin/../lib/gcc/powerpc-gekko/4.2.3/../../../../powerpc-gekko/lib\libsysbase.a(open.o)
                0x8006dbb0                _open_r
 .text          0x8006dcfc       0xcc c:/devkitpro/devkitppc/bin/../lib/gcc/powerpc-gekko/4.2.3/../../../../powerpc-gekko/lib\libsysbase.a(read.o)
                0x8006dcfc                _read_r
 .text          0x8006ddc8       0x50 c:/devkitpro/devkitppc/bin/../lib/gcc/powerpc-gekko/4.2.3/../../../../powerpc-gekko/lib\libsysbase.a(sbrk.o)
                0x8006ddc8                _sbrk_r
 .text          0x8006de18       0xcc c:/devkitpro/devkitppc/bin/../lib/gcc/powerpc-gekko/4.2.3/../../../../powerpc-gekko/lib\libsysbase.a(write.o)
                0x8006de18                _write_r
 .text          0x8006dee4       0x6c c:/devkitpro/devkitppc/bin/../lib/gcc/powerpc-gekko/4.2.3/../../../../powerpc-gekko/lib\libsysbase.a(flock.o)
                0x8006df08                __flockfile
                0x8006dee4                __funlockfile
 .text          0x8006df50      0x120 c:/devkitpro/devkitppc/bin/../lib/gcc/powerpc-gekko/4.2.3/../../../../powerpc-gekko/lib\libsysbase.a(handle_manager.o)
                0x8006e014                __release_handle
                0x8006df7c                __alloc_handle
                0x8006df50                __get_handle
 .text          0x8006e070      0x450 c:/devkitpro/devkitppc/bin/../lib/gcc/powerpc-gekko/4.2.3\libgcc.a(_umoddi3.o)
                0x8006e070                __umoddi3
 .text          0x8006e4c0       0x6c c:/devkitpro/devkitppc/bin/../lib/gcc/powerpc-gekko/4.2.3/crtend.o
 *(.text.*)
 .text.getcolour
                0x8006e52c       0xbc freetype.o
 .text.setfontcolour
                0x8006e5e8       0x38 freetype.o
                0x8006e5e8                setfontcolour
 .text.ShowScreen
                0x8006e620       0x40 freetype.o
                0x8006e620                ShowScreen
 .text.ClearScreen
                0x8006e660       0x50 freetype.o
                0x8006e660                ClearScreen
 .text.DrawText
                0x8006e6b0      0x290 freetype.o
                0x8006e6b0                DrawText
 .text.setfontsize
                0x8006e940       0x48 freetype.o
                0x8006e940                setfontsize
 .text.FT_Init  0x8006e988       0xa8 freetype.o
                0x8006e988                FT_Init
 .text.on_off   0x8006ea30       0x54 template.o
                0x8006ea30                on_off
 .text.readpad  0x8006ea84      0x138 template.o
                0x8006ea84                readpad
 .text.main     0x8006ebbc     0x15a4 template.o
                0x8006ebbc                main
 .text.MP3Player_IsPlaying
                0x80070160        0xc c:/devkitPro/libogc/lib/cube\libmad.a(mp3player.o)
                0x80070160                MP3Player_IsPlaying
 .text.Do3Band  0x8007016c      0x12c c:/devkitPro/libogc/lib/cube\libmad.a(mp3player.o)
 .text.MP3Player_PlayBuffer
                0x80070298       0xc8 c:/devkitPro/libogc/lib/cube\libmad.a(mp3player.o)
                0x80070298                MP3Player_PlayBuffer
 .text.Init3BandState
                0x80070360      0x11c c:/devkitPro/libogc/lib/cube\libmad.a(mp3player.o)
 .text.StreamPlay
                0x8007047c      0x64c c:/devkitPro/libogc/lib/cube\libmad.a(mp3player.o)
 .text.DataTransferCallback
                0x80070ac8      0x1c8 c:/devkitPro/libogc/lib/cube\libmad.a(mp3player.o)
 .text._mp3ramcopy
                0x80070c90       0x98 c:/devkitPro/libogc/lib/cube\libmad.a(mp3player.o)
 .text.MP3Player_Init
                0x80070d28       0x44 c:/devkitPro/libogc/lib/cube\libmad.a(mp3player.o)
                0x80070d28                MP3Player_Init
 .text.mad_header_init
                0x80070d6c       0x40 c:/devkitPro/libogc/lib/cube\libmad.a(frame.o)
                0x80070d6c                mad_header_init
 .text.mad_frame_mute
                0x80070dac       0xb8 c:/devkitPro/libogc/lib/cube\libmad.a(frame.o)
                0x80070dac                mad_frame_mute
 .text.mad_frame_init
                0x80070e64       0x3c c:/devkitPro/libogc/lib/cube\libmad.a(frame.o)
                0x80070e64                mad_frame_init
 .text.decode_header
                0x80070ea0      0x2e0 c:/devkitPro/libogc/lib/cube\libmad.a(frame.o)
 .text.mad_header_decode
                0x80071180      0x4d0 c:/devkitPro/libogc/lib/cube\libmad.a(frame.o)
                0x80071180                mad_header_decode
 .text.mad_frame_decode
                0x80071650      0x114 c:/devkitPro/libogc/lib/cube\libmad.a(frame.o)
                0x80071650                mad_frame_decode
 .text.mad_frame_finish
                0x80071764       0x40 c:/devkitPro/libogc/lib/cube\libmad.a(frame.o)
                0x80071764                mad_frame_finish
 .text.II_samples
                0x800717a4      0x13c c:/devkitPro/libogc/lib/cube\libmad.a(layer12.o)
 .text.I_sample
                0x800718e0       0x84 c:/devkitPro/libogc/lib/cube\libmad.a(layer12.o)
 .text.mad_layer_II
                0x80071964      0x768 c:/devkitPro/libogc/lib/cube\libmad.a(layer12.o)
                0x80071964                mad_layer_II
 .text.mad_layer_I
                0x800720cc      0x434 c:/devkitPro/libogc/lib/cube\libmad.a(layer12.o)
                0x800720cc                mad_layer_I
 .text.III_requantize
                0x80072500       0xbc c:/devkitPro/libogc/lib/cube\libmad.a(layer3.o)
 .text.III_aliasreduce
                0x800725bc       0xf4 c:/devkitPro/libogc/lib/cube\libmad.a(layer3.o)
 .text.III_imdct_l
                0x800726b0     0x193c c:/devkitPro/libogc/lib/cube\libmad.a(layer3.o)
 .text.III_imdct_s
                0x80073fec      0x2e0 c:/devkitPro/libogc/lib/cube\libmad.a(layer3.o)
 .text.III_overlap
                0x800742cc       0x5c c:/devkitPro/libogc/lib/cube\libmad.a(layer3.o)
 .text.III_freqinver
                0x80074328       0x6c c:/devkitPro/libogc/lib/cube\libmad.a(layer3.o)
 .text.mad_layer_III
                0x80074394     0x2890 c:/devkitPro/libogc/lib/cube\libmad.a(layer3.o)
                0x80074394                mad_layer_III
 .text.mad_stream_sync
                0x80076c24       0xc0 c:/devkitPro/libogc/lib/cube\libmad.a(stream.o)
                0x80076c24                mad_stream_sync
 .text.mad_stream_buffer
                0x80076ce4       0x40 c:/devkitPro/libogc/lib/cube\libmad.a(stream.o)
                0x80076ce4                mad_stream_buffer
 .text.mad_stream_init
                0x80076d24       0x7c c:/devkitPro/libogc/lib/cube\libmad.a(stream.o)
                0x80076d24                mad_stream_init
 .text.mad_stream_finish
                0x80076da0       0x40 c:/devkitPro/libogc/lib/cube\libmad.a(stream.o)
                0x80076da0                mad_stream_finish
 .text.mad_synth_mute
                0x80076de0       0x74 c:/devkitPro/libogc/lib/cube\libmad.a(synth.o)
                0x80076de0                mad_synth_mute
 .text.mad_synth_init
                0x80076e54       0x40 c:/devkitPro/libogc/lib/cube\libmad.a(synth.o)
                0x80076e54                mad_synth_init
 .text.dct32    0x80076e94     0x1228 c:/devkitPro/libogc/lib/cube\libmad.a(synth.o)
 .text.synth_full
                0x800780bc      0x848 c:/devkitPro/libogc/lib/cube\libmad.a(synth.o)
 .text.synth_half
                0x80078904      0x850 c:/devkitPro/libogc/lib/cube\libmad.a(synth.o)
 .text.mad_synth_frame
                0x80079154      0x11c c:/devkitPro/libogc/lib/cube\libmad.a(synth.o)
                0x80079154                mad_synth_frame
 .text.reduce_timer
                0x80079270       0x38 c:/devkitPro/libogc/lib/cube\libmad.a(timer.o)
 .text.mad_timer_add
                0x800792a8       0x34 c:/devkitPro/libogc/lib/cube\libmad.a(timer.o)
                0x800792a8                mad_timer_add
 .text.reduce_rational
                0x800792dc       0x74 c:/devkitPro/libogc/lib/cube\libmad.a(timer.o)
 .text.scale_rational
                0x80079350       0xe0 c:/devkitPro/libogc/lib/cube\libmad.a(timer.o)
 .text.mad_timer_set
                0x80079430      0x1b8 c:/devkitPro/libogc/lib/cube\libmad.a(timer.o)
                0x80079430                mad_timer_set
 .text.mad_bit_init
                0x800795e8       0x18 c:/devkitPro/libogc/lib/cube\libmad.a(bit.o)
                0x800795e8                mad_bit_init
 .text.mad_bit_length
                0x80079600       0x2c c:/devkitPro/libogc/lib/cube\libmad.a(bit.o)
                0x80079600                mad_bit_length
 .text.mad_bit_nextbyte
                0x8007962c       0x20 c:/devkitPro/libogc/lib/cube\libmad.a(bit.o)
                0x8007962c                mad_bit_nextbyte
 .text.mad_bit_skip
                0x8007964c       0x60 c:/devkitPro/libogc/lib/cube\libmad.a(bit.o)
                0x8007964c                mad_bit_skip
 .text.mad_bit_read
                0x800796ac       0xe4 c:/devkitPro/libogc/lib/cube\libmad.a(bit.o)
                0x800796ac                mad_bit_read
 .text.mad_bit_crc
                0x80079790      0x1cc c:/devkitPro/libogc/lib/cube\libmad.a(bit.o)
                0x80079790                mad_bit_crc
 .text.__console_clear
                0x8007995c       0x60 c:/devkitPro/libogc/lib/cube\libogc.a(console.o)
 .text.__console_write
                0x800799bc      0x5f8 c:/devkitPro/libogc/lib/cube\libogc.a(console.o)
                0x800799bc                __console_write
 .text.__console_init
                0x80079fb4       0xf8 c:/devkitPro/libogc/lib/cube\libogc.a(console.o)
                0x80079fb4                __console_init
 .text.CON_Init
                0x8007a0ac        0x4 c:/devkitPro/libogc/lib/cube\libogc.a(console.o)
                0x8007a0ac                CON_Init
 .text.idle_func
                0x8007a0b0        0x4 c:/devkitPro/libogc/lib/cube\libogc.a(lwp.o)
 .text.__lwp_sysinit
                0x8007a0b4      0x118 c:/devkitPro/libogc/lib/cube\libogc.a(lwp.o)
                0x8007a0b4                __lwp_sysinit
 .text.LWP_ThreadSignal
                0x8007a1cc       0x74 c:/devkitPro/libogc/lib/cube\libogc.a(lwp.o)
                0x8007a1cc                LWP_ThreadSignal
 .text.LWP_ThreadBroadcast
                0x8007a240       0x88 c:/devkitPro/libogc/lib/cube\libogc.a(lwp.o)
                0x8007a240                LWP_ThreadBroadcast
 .text.LWP_ThreadSleep
                0x8007a2c8       0xd4 c:/devkitPro/libogc/lib/cube\libogc.a(lwp.o)
                0x8007a2c8                LWP_ThreadSleep
 .text.LWP_CloseQueue
                0x8007a39c       0xe8 c:/devkitPro/libogc/lib/cube\libogc.a(lwp.o)
                0x8007a39c                LWP_CloseQueue
 .text.LWP_InitQueue
                0x8007a484      0x124 c:/devkitPro/libogc/lib/cube\libogc.a(lwp.o)
                0x8007a484                LWP_InitQueue
 .text.LWP_CreateThread
                0x8007a5a8      0x1ac c:/devkitPro/libogc/lib/cube\libogc.a(lwp.o)
                0x8007a5a8                LWP_CreateThread
 .text.__lwp_objmgr_getisrdisable
                0x8007a754       0x50 c:/devkitPro/libogc/lib/cube\libogc.a(lwp_objmgr.o)
                0x8007a754                __lwp_objmgr_getisrdisable
 .text.__lwp_objmgr_getnoprotection
                0x8007a7a4       0x24 c:/devkitPro/libogc/lib/cube\libogc.a(lwp_objmgr.o)
                0x8007a7a4                __lwp_objmgr_getnoprotection
 .text.__lwp_objmgr_allocate
                0x8007a7c8       0x60 c:/devkitPro/libogc/lib/cube\libogc.a(lwp_objmgr.o)
                0x8007a7c8                __lwp_objmgr_allocate
 .text.__lwp_objmgr_free
                0x8007a828       0x4c c:/devkitPro/libogc/lib/cube\libogc.a(lwp_objmgr.o)
                0x8007a828                __lwp_objmgr_free
 .text.__lwp_objmgr_get
                0x8007a874       0x78 c:/devkitPro/libogc/lib/cube\libogc.a(lwp_objmgr.o)
                0x8007a874                __lwp_objmgr_get
 .text.__lwp_objmgr_initinfo
                0x8007a8ec      0x1b0 c:/devkitPro/libogc/lib/cube\libogc.a(lwp_objmgr.o)
                0x8007a8ec                __lwp_objmgr_initinfo
 .text.__lwp_heap_init
                0x8007aa9c       0x8c c:/devkitPro/libogc/lib/cube\libogc.a(lwp_heap.o)
                0x8007aa9c                __lwp_heap_init
 .text.__lwp_heap_free
                0x8007ab28      0x184 c:/devkitPro/libogc/lib/cube\libogc.a(lwp_heap.o)
                0x8007ab28                __lwp_heap_free
 .text.__lwp_heap_allocate
                0x8007acac      0x130 c:/devkitPro/libogc/lib/cube\libogc.a(lwp_heap.o)
                0x8007acac                __lwp_heap_allocate
 .text.__gettiming
                0x8007addc       0xb0 c:/devkitPro/libogc/lib/cube\libogc.a(video.o)
 .text.VIDEO_Configure
                0x8007ae8c      0x858 c:/devkitPro/libogc/lib/cube\libogc.a(video.o)
                0x8007ae8c                VIDEO_Configure
 .text.VIDEO_Flush
                0x8007b6e4      0x164 c:/devkitPro/libogc/lib/cube\libogc.a(video.o)
                0x8007b6e4                VIDEO_Flush
 .text.VIDEO_GetCurrentTvMode
                0x8007b848       0x60 c:/devkitPro/libogc/lib/cube\libogc.a(video.o)
                0x8007b848                VIDEO_GetCurrentTvMode
 .text.VIDEO_SetPostRetraceCallback
                0x8007b8a8       0x34 c:/devkitPro/libogc/lib/cube\libogc.a(video.o)
                0x8007b8a8                VIDEO_SetPostRetraceCallback
 .text.VIDEO_ClearFrameBuffer
                0x8007b8dc       0x3c c:/devkitPro/libogc/lib/cube\libogc.a(video.o)
                0x8007b8dc                VIDEO_ClearFrameBuffer
 .text.VIDEO_WaitVSync
                0x8007b918       0x7c c:/devkitPro/libogc/lib/cube\libogc.a(video.o)
                0x8007b918                VIDEO_WaitVSync
 .text.VIDEO_GetCurrentLine
                0x8007b994       0x94 c:/devkitPro/libogc/lib/cube\libogc.a(video.o)
                0x8007b994                VIDEO_GetCurrentLine
 .text.__VIRetraceHandler
                0x8007ba28      0x284 c:/devkitPro/libogc/lib/cube\libogc.a(video.o)
 .text.VIDEO_SetBlack
                0x8007bcac      0x144 c:/devkitPro/libogc/lib/cube\libogc.a(video.o)
                0x8007bcac                VIDEO_SetBlack
 .text.VIDEO_Init
                0x8007bdf0      0x6e0 c:/devkitPro/libogc/lib/cube\libogc.a(video.o)
                0x8007bdf0                VIDEO_Init
 .text.VIDEO_SetNextFramebuffer
                0x8007c4d0      0x220 c:/devkitPro/libogc/lib/cube\libogc.a(video.o)
                0x8007c4d0                VIDEO_SetNextFramebuffer
 .text.VIDEO_SetFramebuffer
                0x8007c6f0      0x32c c:/devkitPro/libogc/lib/cube\libogc.a(video.o)
                0x8007c6f0                VIDEO_SetFramebuffer
 .text.SPEC0_MakeStatus
                0x8007ca1c      0x120 c:/devkitPro/libogc/lib/cube\libogc.a(pad.o)
 .text.SPEC1_MakeStatus
                0x8007cb3c      0x120 c:/devkitPro/libogc/lib/cube\libogc.a(pad.o)
 .text.__pad_clampS8
                0x8007cc5c       0x38 c:/devkitPro/libogc/lib/cube\libogc.a(pad.o)
 .text.__pad_clampU8
                0x8007cc94       0x20 c:/devkitPro/libogc/lib/cube\libogc.a(pad.o)
 .text.SPEC2_MakeStatus
                0x8007ccb4      0x148 c:/devkitPro/libogc/lib/cube\libogc.a(pad.o)
 .text.__pad_samplinghandler
                0x8007cdfc        0x4 c:/devkitPro/libogc/lib/cube\libogc.a(pad.o)
 .text.__PADDisableRecalibration
                0x8007ce00       0x50 c:/devkitPro/libogc/lib/cube\libogc.a(pad.o)
                0x8007ce00                __PADDisableRecalibration
 .text.PAD_Recalibrate
                0x8007ce50       0x28 c:/devkitPro/libogc/lib/cube\libogc.a(pad.o)
                0x8007ce50                PAD_Recalibrate
 .text.PAD_SetSpec
                0x8007ce78       0x74 c:/devkitPro/libogc/lib/cube\libogc.a(pad.o)
                0x8007ce78                PAD_SetSpec
 .text.PAD_ButtonsDown
                0x8007ceec       0x34 c:/devkitPro/libogc/lib/cube\libogc.a(pad.o)
                0x8007ceec                PAD_ButtonsDown
 .text.PAD_ButtonsHeld
                0x8007cf20       0x34 c:/devkitPro/libogc/lib/cube\libogc.a(pad.o)
                0x8007cf20                PAD_ButtonsHeld
 .text.PAD_SubStickX
                0x8007cf54       0x38 c:/devkitPro/libogc/lib/cube\libogc.a(pad.o)
                0x8007cf54                PAD_SubStickX
 .text.PAD_SubStickY
                0x8007cf8c       0x38 c:/devkitPro/libogc/lib/cube\libogc.a(pad.o)
                0x8007cf8c                PAD_SubStickY
 .text.PAD_StickX
                0x8007cfc4       0x38 c:/devkitPro/libogc/lib/cube\libogc.a(pad.o)
                0x8007cfc4                PAD_StickX
 .text.PAD_StickY
                0x8007cffc       0x38 c:/devkitPro/libogc/lib/cube\libogc.a(pad.o)
                0x8007cffc                PAD_StickY
 .text.PAD_TriggerL
                0x8007d034       0x34 c:/devkitPro/libogc/lib/cube\libogc.a(pad.o)
                0x8007d034                PAD_TriggerL
 .text.PAD_TriggerR
                0x8007d068       0x34 c:/devkitPro/libogc/lib/cube\libogc.a(pad.o)
                0x8007d068                PAD_TriggerR
 .text.PAD_SetSamplingCallback
                0x8007d09c       0x6c c:/devkitPro/libogc/lib/cube\libogc.a(pad.o)
                0x8007d09c                PAD_SetSamplingCallback
 .text.__pad_updateorigin
                0x8007d108       0xa4 c:/devkitPro/libogc/lib/cube\libogc.a(pad.o)
 .text.PAD_ControlMotor
                0x8007d1ac       0xdc c:/devkitPro/libogc/lib/cube\libogc.a(pad.o)
                0x8007d1ac                PAD_ControlMotor
 .text.PAD_Sync
                0x8007d288       0x5c c:/devkitPro/libogc/lib/cube\libogc.a(pad.o)
                0x8007d288                PAD_Sync
 .text.__pad_onreset
                0x8007d2e4       0xa8 c:/devkitPro/libogc/lib/cube\libogc.a(pad.o)
 .text.__pad_doreset
                0x8007d38c       0x74 c:/devkitPro/libogc/lib/cube\libogc.a(pad.o)
 .text.PAD_Reset
                0x8007d400      0x100 c:/devkitPro/libogc/lib/cube\libogc.a(pad.o)
                0x8007d400                PAD_Reset
 .text.__pad_enable
                0x8007d500       0x68 c:/devkitPro/libogc/lib/cube\libogc.a(pad.o)
 .text.__pad_typeandstatuscallback
                0x8007d568      0x194 c:/devkitPro/libogc/lib/cube\libogc.a(pad.o)
 .text.__pad_origincallback
                0x8007d6fc       0x40 c:/devkitPro/libogc/lib/cube\libogc.a(pad.o)
 .text.__pad_probecallback
                0x8007d73c       0x54 c:/devkitPro/libogc/lib/cube\libogc.a(pad.o)
 .text.__pad_disable
                0x8007d790       0xb8 c:/devkitPro/libogc/lib/cube\libogc.a(pad.o)
 .text.PAD_Read
                0x8007d848      0x2e0 c:/devkitPro/libogc/lib/cube\libogc.a(pad.o)
                0x8007d848                PAD_Read
 .text.PAD_ScanPads
                0x8007db28      0x190 c:/devkitPro/libogc/lib/cube\libogc.a(pad.o)
                0x8007db28                PAD_ScanPads
 .text.__pad_receivecheckcallback
                0x8007dcb8       0xc0 c:/devkitPro/libogc/lib/cube\libogc.a(pad.o)
 .text.__pad_originupdatecallback
                0x8007dd78       0x88 c:/devkitPro/libogc/lib/cube\libogc.a(pad.o)
 .text.PAD_Init
                0x8007de00      0x100 c:/devkitPro/libogc/lib/cube\libogc.a(pad.o)
                0x8007de00                PAD_Init
 .text.__MEMInterruptHandler
                0x8007df00       0x14 c:/devkitPro/libogc/lib/cube\libogc.a(system.o)
 .text.__RSWDefaultHandler
                0x8007df14        0x4 c:/devkitPro/libogc/lib/cube\libogc.a(system.o)
 .text.__sram_sync
                0x8007df18        0xc c:/devkitPro/libogc/lib/cube\libogc.a(system.o)
 .text.__call_resetfuncs
                0x8007df24       0xb0 c:/devkitPro/libogc/lib/cube\libogc.a(system.o)
 .text.__locksram
                0x8007dfd4       0x54 c:/devkitPro/libogc/lib/cube\libogc.a(system.o)
 .text.__SYS_LockSram
                0x8007e028        0x8 c:/devkitPro/libogc/lib/cube\libogc.a(system.o)
                0x8007e028                __SYS_LockSram
 .text.__SYS_LockSramEx
                0x8007e030        0x8 c:/devkitPro/libogc/lib/cube\libogc.a(system.o)
                0x8007e030                __SYS_LockSramEx
 .text.__SYS_SyncSram
                0x8007e038        0x4 c:/devkitPro/libogc/lib/cube\libogc.a(system.o)
                0x8007e038                __SYS_SyncSram
 .text._V_EXPORTNAME
                0x8007e03c       0x24 c:/devkitPro/libogc/lib/cube\libogc.a(system.o)
                0x8007e03c                _V_EXPORTNAME
 .text.__SYS_InitCallbacks
                0x8007e060       0x14 c:/devkitPro/libogc/lib/cube\libogc.a(system.o)
                0x8007e060                __SYS_InitCallbacks
 .text.SYS_PreMain
                0x8007e074        0x4 c:/devkitPro/libogc/lib/cube\libogc.a(system.o)
                0x8007e074                SYS_PreMain
 .text.SYS_RegisterResetFunc
                0x8007e078       0x80 c:/devkitPro/libogc/lib/cube\libogc.a(system.o)
                0x8007e078                SYS_RegisterResetFunc
 .text.SYS_SetArena1Lo